Archive member included to satisfy reference by file (symbol)

c:/ac6/systemworkbench/plugins/fr.ac6.mcu.externaltools.arm-none.win32_1.7.0.201602121829/tools/compiler/bin/../lib/gcc/arm-none-eabi/5.2.1/../../../../arm-none-eabi/lib/armv7e-m/fpu\libc_nano.a(lib_a-exit.o)
                              c:/ac6/systemworkbench/plugins/fr.ac6.mcu.externaltools.arm-none.win32_1.7.0.201602121829/tools/compiler/bin/../lib/gcc/arm-none-eabi/5.2.1/../../../../arm-none-eabi/lib/armv7e-m/fpu/crt0.o (exit)
c:/ac6/systemworkbench/plugins/fr.ac6.mcu.externaltools.arm-none.win32_1.7.0.201602121829/tools/compiler/bin/../lib/gcc/arm-none-eabi/5.2.1/../../../../arm-none-eabi/lib/armv7e-m/fpu\libc_nano.a(lib_a-impure.o)
                              c:/ac6/systemworkbench/plugins/fr.ac6.mcu.externaltools.arm-none.win32_1.7.0.201602121829/tools/compiler/bin/../lib/gcc/arm-none-eabi/5.2.1/../../../../arm-none-eabi/lib/armv7e-m/fpu\libc_nano.a(lib_a-exit.o) (_global_impure_ptr)
c:/ac6/systemworkbench/plugins/fr.ac6.mcu.externaltools.arm-none.win32_1.7.0.201602121829/tools/compiler/bin/../lib/gcc/arm-none-eabi/5.2.1/../../../../arm-none-eabi/lib/armv7e-m/fpu\libc_nano.a(lib_a-init.o)
                              c:/ac6/systemworkbench/plugins/fr.ac6.mcu.externaltools.arm-none.win32_1.7.0.201602121829/tools/compiler/bin/../lib/gcc/arm-none-eabi/5.2.1/../../../../arm-none-eabi/lib/armv7e-m/fpu/crt0.o (__libc_init_array)
c:/ac6/systemworkbench/plugins/fr.ac6.mcu.externaltools.arm-none.win32_1.7.0.201602121829/tools/compiler/bin/../lib/gcc/arm-none-eabi/5.2.1/../../../../arm-none-eabi/lib/armv7e-m/fpu\libc_nano.a(lib_a-malloc.o)
                              Middlewares/USB_Device_Library/usbd_cdc.o (malloc)
c:/ac6/systemworkbench/plugins/fr.ac6.mcu.externaltools.arm-none.win32_1.7.0.201602121829/tools/compiler/bin/../lib/gcc/arm-none-eabi/5.2.1/../../../../arm-none-eabi/lib/armv7e-m/fpu\libc_nano.a(lib_a-memset.o)
                              c:/ac6/systemworkbench/plugins/fr.ac6.mcu.externaltools.arm-none.win32_1.7.0.201602121829/tools/compiler/bin/../lib/gcc/arm-none-eabi/5.2.1/../../../../arm-none-eabi/lib/armv7e-m/fpu/crt0.o (memset)
c:/ac6/systemworkbench/plugins/fr.ac6.mcu.externaltools.arm-none.win32_1.7.0.201602121829/tools/compiler/bin/../lib/gcc/arm-none-eabi/5.2.1/../../../../arm-none-eabi/lib/armv7e-m/fpu\libc_nano.a(lib_a-nano-freer.o)
                              c:/ac6/systemworkbench/plugins/fr.ac6.mcu.externaltools.arm-none.win32_1.7.0.201602121829/tools/compiler/bin/../lib/gcc/arm-none-eabi/5.2.1/../../../../arm-none-eabi/lib/armv7e-m/fpu\libc_nano.a(lib_a-malloc.o) (_free_r)
c:/ac6/systemworkbench/plugins/fr.ac6.mcu.externaltools.arm-none.win32_1.7.0.201602121829/tools/compiler/bin/../lib/gcc/arm-none-eabi/5.2.1/../../../../arm-none-eabi/lib/armv7e-m/fpu\libc_nano.a(lib_a-nano-mallocr.o)
                              c:/ac6/systemworkbench/plugins/fr.ac6.mcu.externaltools.arm-none.win32_1.7.0.201602121829/tools/compiler/bin/../lib/gcc/arm-none-eabi/5.2.1/../../../../arm-none-eabi/lib/armv7e-m/fpu\libc_nano.a(lib_a-malloc.o) (_malloc_r)
c:/ac6/systemworkbench/plugins/fr.ac6.mcu.externaltools.arm-none.win32_1.7.0.201602121829/tools/compiler/bin/../lib/gcc/arm-none-eabi/5.2.1/../../../../arm-none-eabi/lib/armv7e-m/fpu\libc_nano.a(lib_a-sbrkr.o)
                              c:/ac6/systemworkbench/plugins/fr.ac6.mcu.externaltools.arm-none.win32_1.7.0.201602121829/tools/compiler/bin/../lib/gcc/arm-none-eabi/5.2.1/../../../../arm-none-eabi/lib/armv7e-m/fpu\libc_nano.a(lib_a-nano-mallocr.o) (_sbrk_r)
c:/ac6/systemworkbench/plugins/fr.ac6.mcu.externaltools.arm-none.win32_1.7.0.201602121829/tools/compiler/bin/../lib/gcc/arm-none-eabi/5.2.1/../../../../arm-none-eabi/lib/armv7e-m/fpu\libc_nano.a(lib_a-sprintf.o)
                              Application/User/main.o (sprintf)
c:/ac6/systemworkbench/plugins/fr.ac6.mcu.externaltools.arm-none.win32_1.7.0.201602121829/tools/compiler/bin/../lib/gcc/arm-none-eabi/5.2.1/../../../../arm-none-eabi/lib/armv7e-m/fpu\libc_nano.a(lib_a-strlen.o)
                              Application/User/main.o (strlen)
c:/ac6/systemworkbench/plugins/fr.ac6.mcu.externaltools.arm-none.win32_1.7.0.201602121829/tools/compiler/bin/../lib/gcc/arm-none-eabi/5.2.1/../../../../arm-none-eabi/lib/armv7e-m/fpu\libc_nano.a(lib_a-nano-svfprintf.o)
                              c:/ac6/systemworkbench/plugins/fr.ac6.mcu.externaltools.arm-none.win32_1.7.0.201602121829/tools/compiler/bin/../lib/gcc/arm-none-eabi/5.2.1/../../../../arm-none-eabi/lib/armv7e-m/fpu\libc_nano.a(lib_a-sprintf.o) (_svfprintf_r)
c:/ac6/systemworkbench/plugins/fr.ac6.mcu.externaltools.arm-none.win32_1.7.0.201602121829/tools/compiler/bin/../lib/gcc/arm-none-eabi/5.2.1/../../../../arm-none-eabi/lib/armv7e-m/fpu\libc_nano.a(lib_a-nano-vfprintf_i.o)
[...]
Memory Configuration

Name             Origin             Length             Attributes
FLASH            0x08000000         0x00100000         xr
RAM              0x20000000         0x00020000         xrw
CCMRAM           0x10000000         0x00010000         rw
*default*        0x00000000         0xffffffff

Linker script and memory map

LOAD c:/ac6/systemworkbench/plugins/fr.ac6.mcu.externaltools.arm-none.win32_1.7.0.201602121829/tools/compiler/bin/../lib/gcc/arm-none-eabi/5.2.1/armv7e-m/fpu/crti.o
LOAD c:/ac6/systemworkbench/plugins/fr.ac6.mcu.externaltools.arm-none.win32_1.7.0.201602121829/tools/compiler/bin/../lib/gcc/arm-none-eabi/5.2.1/armv7e-m/fpu/crtbegin.o
LOAD c:/ac6/systemworkbench/plugins/fr.ac6.mcu.externaltools.arm-none.win32_1.7.0.201602121829/tools/compiler/bin/../lib/gcc/arm-none-eabi/5.2.1/../../../../arm-none-eabi/lib/armv7e-m/fpu/crt0.o
LOAD c:/ac6/systemworkbench/plugins/fr.ac6.mcu.externaltools.arm-none.win32_1.7.0.201602121829/tools/compiler/bin/../lib/gcc/arm-none-eabi/5.2.1/../../../../arm-none-eabi/lib/armv7e-m/fpu\libm.a
LOAD Application/SW4STM32/startup_stm32f407xx.o
LOAD Application/User/LIS3DSH_HAL.o
LOAD Application/User/main.o
LOAD Application/User/stm32f4xx_hal_msp.o
LOAD Application/User/stm32f4xx_it.o
LOAD Application/User/usb_device.o
LOAD Application/User/usbd_cdc_if.o
LOAD Application/User/usbd_conf.o
LOAD Application/User/usbd_desc.o
LOAD Drivers/CMSIS/system_stm32f4xx.o
LOAD Drivers/STM32F4xx_HAL_Driver/stm32f4xx_hal.o
LOAD Drivers/STM32F4xx_HAL_Driver/stm32f4xx_hal_can.o
LOAD Drivers/STM32F4xx_HAL_Driver/stm32f4xx_hal_cortex.o
LOAD Drivers/STM32F4xx_HAL_Driver/stm32f4xx_hal_dma.o
LOAD Drivers/STM32F4xx_HAL_Driver/stm32f4xx_hal_dma_ex.o
LOAD Drivers/STM32F4xx_HAL_Driver/stm32f4xx_hal_flash.o
LOAD Drivers/STM32F4xx_HAL_Driver/stm32f4xx_hal_flash_ex.o
LOAD Drivers/STM32F4xx_HAL_Driver/stm32f4xx_hal_flash_ramfunc.o
LOAD Drivers/STM32F4xx_HAL_Driver/stm32f4xx_hal_gpio.o
LOAD Drivers/STM32F4xx_HAL_Driver/stm32f4xx_hal_pcd.o
LOAD Drivers/STM32F4xx_HAL_Driver/stm32f4xx_hal_pcd_ex.o
LOAD Drivers/STM32F4xx_HAL_Driver/stm32f4xx_hal_pwr.o
LOAD Drivers/STM32F4xx_HAL_Driver/stm32f4xx_hal_pwr_ex.o
LOAD Drivers/STM32F4xx_HAL_Driver/stm32f4xx_hal_rcc.o
LOAD Drivers/STM32F4xx_HAL_Driver/stm32f4xx_hal_rcc_ex.o
LOAD Drivers/STM32F4xx_HAL_Driver/stm32f4xx_hal_spi.o
LOAD Drivers/STM32F4xx_HAL_Driver/stm32f4xx_hal_tim.o
LOAD Drivers/STM32F4xx_HAL_Driver/stm32f4xx_hal_tim_ex.o
LOAD Drivers/STM32F4xx_HAL_Driver/stm32f4xx_hal_uart.o
LOAD Drivers/STM32F4xx_HAL_Driver/stm32f4xx_ll_usb.o
LOAD Middlewares/USB_Device_Library/usbd_cdc.o
LOAD Middlewares/USB_Device_Library/usbd_core.o
LOAD Middlewares/USB_Device_Library/usbd_ctlreq.o
LOAD Middlewares/USB_Device_Library/usbd_ioreq.o
START GROUP
LOAD c:/ac6/systemworkbench/plugins/fr.ac6.mcu.externaltools.arm-none.win32_1.7.0.201602121829/tools/compiler/bin/../lib/gcc/arm-none-eabi/5.2.1/armv7e-m/fpu\libgcc.a
LOAD c:/ac6/systemworkbench/plugins/fr.ac6.mcu.externaltools.arm-none.win32_1.7.0.201602121829/tools/compiler/bin/../lib/gcc/arm-none-eabi/5.2.1/../../../../arm-none-eabi/lib/armv7e-m/fpu\libc_nano.a
END GROUP
START GROUP
LOAD c:/ac6/systemworkbench/plugins/fr.ac6.mcu.externaltools.arm-none.win32_1.7.0.201602121829/tools/compiler/bin/../lib/gcc/arm-none-eabi/5.2.1/armv7e-m/fpu\libgcc.a
LOAD c:/ac6/systemworkbench/plugins/fr.ac6.mcu.externaltools.arm-none.win32_1.7.0.201602121829/tools/compiler/bin/../lib/gcc/arm-none-eabi/5.2.1/../../../../arm-none-eabi/lib/armv7e-m/fpu\libc_nano.a
LOAD c:/ac6/systemworkbench/plugins/fr.ac6.mcu.externaltools.arm-none.win32_1.7.0.201602121829/tools/compiler/bin/../lib/gcc/arm-none-eabi/5.2.1/../../../../arm-none-eabi/lib/armv7e-m/fpu\libnosys.a
END GROUP
START GROUP
LOAD c:/ac6/systemworkbench/plugins/fr.ac6.mcu.externaltools.arm-none.win32_1.7.0.201602121829/tools/compiler/bin/../lib/gcc/arm-none-eabi/5.2.1/armv7e-m/fpu\libgcc.a
LOAD c:/ac6/systemworkbench/plugins/fr.ac6.mcu.externaltools.arm-none.win32_1.7.0.201602121829/tools/compiler/bin/../lib/gcc/arm-none-eabi/5.2.1/../../../../arm-none-eabi/lib/armv7e-m/fpu\libc_nano.a
LOAD c:/ac6/systemworkbench/plugins/fr.ac6.mcu.externaltools.arm-none.win32_1.7.0.201602121829/tools/compiler/bin/../lib/gcc/arm-none-eabi/5.2.1/../../../../arm-none-eabi/lib/armv7e-m/fpu\libnosys.a
END GROUP
LOAD c:/ac6/systemworkbench/plugins/fr.ac6.mcu.externaltools.arm-none.win32_1.7.0.201602121829/tools/compiler/bin/../lib/gcc/arm-none-eabi/5.2.1/armv7e-m/fpu/crtend.o
LOAD c:/ac6/systemworkbench/plugins/fr.ac6.mcu.externaltools.arm-none.win32_1.7.0.201602121829/tools/compiler/bin/../lib/gcc/arm-none-eabi/5.2.1/armv7e-m/fpu/crtn.o
                0x20020000                _estack = 0x20020000
                0x00000200                _Min_Heap_Size = 0x200
                0x00000400                _Min_Stack_Size = 0x400

.isr_vector     0x08000000      0x188
                0x08000000                . = ALIGN (0x4)
 *(.isr_vector)
 .isr_vector    0x08000000      0x188 Application/SW4STM32/startup_stm32f407xx.o
                0x08000000                g_pfnVectors
                0x08000188                . = ALIGN (0x4)

.text           0x08000190     0x7f68
                0x08000190                . = ALIGN (0x4)
 *(.text)
 .text          0x08000190       0xa4 c:/ac6/systemworkbench/plugins/fr.ac6.mcu.externaltools.arm-none.win32_1.7.0.201602121829/tools/compiler/bin/../lib/gcc/arm-none-eabi/5.2.1/armv7e-m/fpu/crtbegin.o
 .text          0x08000234       0x10 c:/ac6/systemworkbench/plugins/fr.ac6.mcu.externaltools.arm-none.win32_1.7.0.201602121829/tools/compiler/bin/../lib/gcc/arm-none-eabi/5.2.1/../../../../arm-none-eabi/lib/armv7e-m/fpu\libc_nano.a(lib_a-strlen.o)
                0x08000234                strlen
 *fill*         0x08000244        0xc 
 .text          0x08000250       0xa0 c:/ac6/systemworkbench/plugins/fr.ac6.mcu.externaltools.arm-none.win32_1.7.0.201602121829/tools/compiler/bin/../lib/gcc/arm-none-eabi/5.2.1/../../../../arm-none-eabi/lib/armv7e-m/fpu\libc_nano.a(lib_a-memchr.o)
                0x08000250                memchr
 *(.text*)
 .text.Reset_Handler
                0x080002f0       0x50 Application/SW4STM32/startup_stm32f407xx.o
                0x080002f0                Reset_Handler
 .text.Default_Handler
                0x08000340        0x2 Application/SW4STM32/startup_stm32f407xx.o
                0x08000340                RTC_Alarm_IRQHandler
                0x08000340                HASH_RNG_IRQHandler
                0x08000340                EXTI2_IRQHandler
                0x08000340                TIM8_CC_IRQHandler
                0x08000340                DebugMon_Handler
                0x08000340                TIM1_CC_IRQHandler
                0x08000340                DMA2_Stream5_IRQHandler
                0x08000340                HardFault_Handler
                0x08000340                DMA1_Stream5_IRQHandler
                0x08000340                PVD_IRQHandler
                0x08000340                SDIO_IRQHandler
                0x08000340                TAMP_STAMP_IRQHandler
                0x08000340                PendSV_Handler
                0x08000340                NMI_Handler
                0x08000340                CAN2_RX1_IRQHandler
                0x08000340                EXTI3_IRQHandler
                0x08000340                TIM8_TRG_COM_TIM14_IRQHandler
                0x08000340                TIM1_UP_TIM10_IRQHandler
                0x08000340                I2C3_ER_IRQHandler
                0x08000340                EXTI0_IRQHandler
                0x08000340                I2C2_EV_IRQHandler
                0x08000340                DMA1_Stream2_IRQHandler
                0x08000340                CAN1_RX0_IRQHandler
                0x08000340                FPU_IRQHandler
                0x08000340                OTG_HS_WKUP_IRQHandler
                0x08000340                UsageFault_Handler
                0x08000340                CAN2_SCE_IRQHandler
                0x08000340                DMA2_Stream2_IRQHandler
                0x08000340                SPI1_IRQHandler
                0x08000340                TIM6_DAC_IRQHandler
                0x08000340                TIM1_BRK_TIM9_IRQHandler
                0x08000340                DCMI_IRQHandler
                0x08000340                CAN2_RX0_IRQHandler
                0x08000340                DMA2_Stream3_IRQHandler
                0x08000340                USART6_IRQHandler
                0x08000340                USART3_IRQHandler
                0x08000340                CAN1_RX1_IRQHandler
                0x08000340                UART5_IRQHandler
                0x08000340                DMA2_Stream0_IRQHandler
                0x08000340                TIM4_IRQHandler
                0x08000340                I2C1_EV_IRQHandler
                0x08000340                DMA1_Stream6_IRQHandler
                0x08000340                DMA1_Stream1_IRQHandler
                0x08000340                UART4_IRQHandler
                0x08000340                TIM3_IRQHandler
                0x08000340                RCC_IRQHandler
                0x08000340                TIM8_BRK_TIM12_IRQHandler
                0x08000340                Default_Handler
                0x08000340                EXTI15_10_IRQHandler
                0x08000340                ADC_IRQHandler
                0x08000340                DMA1_Stream7_IRQHandler
                0x08000340                TIM7_IRQHandler
                0x08000340                CAN2_TX_IRQHandler
                0x08000340                TIM5_IRQHandler
                0x08000340                DMA2_Stream7_IRQHandler
                0x08000340                I2C3_EV_IRQHandler
                0x08000340                EXTI9_5_IRQHandler
                0x08000340                RTC_WKUP_IRQHandler
                0x08000340                ETH_WKUP_IRQHandler
                0x08000340                SPI2_IRQHandler
                0x08000340                OTG_HS_EP1_IN_IRQHandler
                0x08000340                MemManage_Handler
                0x08000340                DMA1_Stream0_IRQHandler
                0x08000340                CAN1_TX_IRQHandler
                0x08000340                SVC_Handler
                0x08000340                EXTI4_IRQHandler
                0x08000340                FSMC_IRQHandler
                0x08000340                ETH_IRQHandler
                0x08000340                OTG_HS_EP1_OUT_IRQHandler
                0x08000340                WWDG_IRQHandler
                0x08000340                TIM2_IRQHandler
                0x08000340                OTG_FS_WKUP_IRQHandler
                0x08000340                TIM1_TRG_COM_TIM11_IRQHandler
                0x08000340                OTG_HS_IRQHandler
                0x08000340                EXTI1_IRQHandler
                0x08000340                I2C2_ER_IRQHandler
                0x08000340                DMA2_Stream1_IRQHandler
                0x08000340                CAN1_SCE_IRQHandler
                0x08000340                FLASH_IRQHandler
                0x08000340                DMA2_Stream4_IRQHandler
                0x08000340                BusFault_Handler
                0x08000340                USART1_IRQHandler
                0x08000340                SPI3_IRQHandler
                0x08000340                DMA1_Stream4_IRQHandler
                0x08000340                I2C1_ER_IRQHandler
                0x08000340                DMA2_Stream6_IRQHandler
                0x08000340                DMA1_Stream3_IRQHandler
 *fill*         0x08000342        0x2 
 .text.LIS3DSH_HAL_Init
                0x08000344       0x84 Application/User/LIS3DSH_HAL.o
                0x08000344                LIS3DSH_HAL_Init
 .text.LIS3DSH_HAL_ReadReg8
                0x080003c8       0x6c Application/User/LIS3DSH_HAL.o
                0x080003c8                LIS3DSH_HAL_ReadReg8
 .text.LIS3DSH_HAL_WriteReg8
                0x08000434       0x68 Application/User/LIS3DSH_HAL.o
                0x08000434                LIS3DSH_HAL_WriteReg8
 .text.main     0x0800049c       0x80 Application/User/main.o
                0x0800049c                main
 .text.SystemClock_Config
                0x0800051c       0xb8 Application/User/main.o
                0x0800051c                SystemClock_Config
 .text.MX_CAN1_Init
                0x080005d4       0x64 Application/User/main.o
 .text.MX_SPI1_Init
                0x08000638       0x64 Application/User/main.o
 .text.MX_TIM13_Init
                0x0800069c       0x38 Application/User/main.o
 .text.MX_USART2_UART_Init
                0x080006d4       0x4c Application/User/main.o
 .text.MX_GPIO_Init
                0x08000720      0x21c Application/User/main.o
 .text.appMain1
                0x0800093c      0x124 Application/User/main.o
                0x0800093c                appMain1
 .text.appMain2
                0x08000a60       0x48 Application/User/main.o
                0x08000a60                appMain2
 .text.HAL_MspInit
                0x08000aa8       0x1c Application/User/stm32f4xx_hal_msp.o
                0x08000aa8                HAL_MspInit
 .text.HAL_CAN_MspInit
                0x08000ac4       0x60 Application/User/stm32f4xx_hal_msp.o
                0x08000ac4                HAL_CAN_MspInit
 .text.HAL_SPI_MspInit
                0x08000b24       0x60 Application/User/stm32f4xx_hal_msp.o
                0x08000b24                HAL_SPI_MspInit
 .text.HAL_TIM_Base_MspInit
                0x08000b84       0x4c Application/User/stm32f4xx_hal_msp.o
                0x08000b84                HAL_TIM_Base_MspInit
 .text.HAL_UART_MspInit
                0x08000bd0       0x70 Application/User/stm32f4xx_hal_msp.o
                0x08000bd0                HAL_UART_MspInit
 .text.SysTick_Handler
                0x08000c40       0x10 Application/User/stm32f4xx_it.o
                0x08000c40                SysTick_Handler
 .text.USART2_IRQHandler
                0x08000c50       0x14 Application/User/stm32f4xx_it.o
                0x08000c50                USART2_IRQHandler
 .text.TIM8_UP_TIM13_IRQHandler
                0x08000c64       0x20 Application/User/stm32f4xx_it.o
                0x08000c64                TIM8_UP_TIM13_IRQHandler
 .text.OTG_FS_IRQHandler
                0x08000c84       0x14 Application/User/stm32f4xx_it.o
                0x08000c84                OTG_FS_IRQHandler
 .text.getMs    0x08000c98       0x18 Application/User/stm32f4xx_it.o
                0x08000c98                getMs
 .text.MX_USB_DEVICE_Init
                0x08000cb0       0x38 Application/User/usb_device.o
                0x08000cb0                MX_USB_DEVICE_Init
 .text.CDC_Init_FS
                0x08000ce8       0x3c Application/User/usbd_cdc_if.o
 .text.CDC_DeInit_FS
                0x08000d24       0x14 Application/User/usbd_cdc_if.o
 .text.CDC_Control_FS
                0x08000d38       0xc0 Application/User/usbd_cdc_if.o
 .text.CDC_Receive_FS
                0x08000df8       0x3c Application/User/usbd_cdc_if.o
 .text.CDC_Transmit_FS
                0x08000e34       0x3c Application/User/usbd_cdc_if.o
                0x08000e34                CDC_Transmit_FS
 .text.HAL_PCD_MspInit
                0x08000e70       0x94 Application/User/usbd_conf.o
                0x08000e70                HAL_PCD_MspInit
 .text.HAL_PCD_SetupStageCallback
                0x08000f04       0x24 Application/User/usbd_conf.o
                0x08000f04                HAL_PCD_SetupStageCallback
 .text.HAL_PCD_DataOutStageCallback
                0x08000f28       0x38 Application/User/usbd_conf.o
                0x08000f28                HAL_PCD_DataOutStageCallback
 .text.HAL_PCD_DataInStageCallback
                0x08000f60       0x34 Application/User/usbd_conf.o
                0x08000f60                HAL_PCD_DataInStageCallback
 .text.HAL_PCD_SOFCallback
                0x08000f94       0x1c Application/User/usbd_conf.o
                0x08000f94                HAL_PCD_SOFCallback
 .text.HAL_PCD_ResetCallback
                0x08000fb0       0x50 Application/User/usbd_conf.o
                0x08000fb0                HAL_PCD_ResetCallback
 .text.HAL_PCD_SuspendCallback
                0x08001000       0x50 Application/User/usbd_conf.o
                0x08001000                HAL_PCD_SuspendCallback
 .text.HAL_PCD_ResumeCallback
                0x08001050       0x1c Application/User/usbd_conf.o
                0x08001050                HAL_PCD_ResumeCallback
 .text.HAL_PCD_ISOOUTIncompleteCallback
                0x0800106c       0x24 Application/User/usbd_conf.o
                0x0800106c                HAL_PCD_ISOOUTIncompleteCallback
 .text.HAL_PCD_ISOINIncompleteCallback
                0x08001090       0x24 Application/User/usbd_conf.o
                0x08001090                HAL_PCD_ISOINIncompleteCallback
 .text.HAL_PCD_ConnectCallback
                0x080010b4       0x1c Application/User/usbd_conf.o
                0x080010b4                HAL_PCD_ConnectCallback
 .text.HAL_PCD_DisconnectCallback
                0x080010d0       0x1c Application/User/usbd_conf.o
                0x080010d0                HAL_PCD_DisconnectCallback
 .text.USBD_LL_Init
                0x080010ec       0x94 Application/User/usbd_conf.o
                0x080010ec                USBD_LL_Init
 .text.USBD_LL_Start
                0x08001180       0x20 Application/User/usbd_conf.o
                0x08001180                USBD_LL_Start
 .text.USBD_LL_OpenEP
                0x080011a0       0x34 Application/User/usbd_conf.o
                0x080011a0                USBD_LL_OpenEP
 .text.USBD_LL_CloseEP
                0x080011d4       0x28 Application/User/usbd_conf.o
                0x080011d4                USBD_LL_CloseEP
 .text.USBD_LL_StallEP
                0x080011fc       0x28 Application/User/usbd_conf.o
                0x080011fc                USBD_LL_StallEP
 .text.USBD_LL_ClearStallEP
                0x08001224       0x28 Application/User/usbd_conf.o
                0x08001224                USBD_LL_ClearStallEP
 .text.USBD_LL_IsStallEP
                0x0800124c       0x58 Application/User/usbd_conf.o
                0x0800124c                USBD_LL_IsStallEP
 .text.USBD_LL_SetUSBAddress
                0x080012a4       0x28 Application/User/usbd_conf.o
                0x080012a4                USBD_LL_SetUSBAddress
 .text.USBD_LL_Transmit
                0x080012cc       0x30 Application/User/usbd_conf.o
                0x080012cc                USBD_LL_Transmit
 .text.USBD_LL_PrepareReceive
                0x080012fc       0x30 Application/User/usbd_conf.o
                0x080012fc                USBD_LL_PrepareReceive
 .text.USBD_LL_GetRxDataSize
                0x0800132c       0x28 Application/User/usbd_conf.o
                0x0800132c                USBD_LL_GetRxDataSize
 .text.USBD_FS_DeviceDescriptor
                0x08001354       0x24 Application/User/usbd_desc.o
                0x08001354                USBD_FS_DeviceDescriptor
 .text.USBD_FS_LangIDStrDescriptor
                0x08001378       0x24 Application/User/usbd_desc.o
                0x08001378                USBD_FS_LangIDStrDescriptor
 .text.USBD_FS_ProductStrDescriptor
                0x0800139c       0x3c Application/User/usbd_desc.o
                0x0800139c                USBD_FS_ProductStrDescriptor
 .text.USBD_FS_ManufacturerStrDescriptor
                0x080013d8       0x28 Application/User/usbd_desc.o
                0x080013d8                USBD_FS_ManufacturerStrDescriptor
 .text.USBD_FS_SerialStrDescriptor
                0x08001400       0x3c Application/User/usbd_desc.o
                0x08001400                USBD_FS_SerialStrDescriptor
 .text.USBD_FS_ConfigStrDescriptor
                0x0800143c       0x3c Application/User/usbd_desc.o
                0x0800143c                USBD_FS_ConfigStrDescriptor
 .text.USBD_FS_InterfaceStrDescriptor
                0x08001478       0x3c Application/User/usbd_desc.o
                0x08001478                USBD_FS_InterfaceStrDescriptor
 .text.SystemInit
                0x080014b4       0x6c Drivers/CMSIS/system_stm32f4xx.o
                0x080014b4                SystemInit
 .text.HAL_Init
                0x08001520       0x44 Drivers/STM32F4xx_HAL_Driver/stm32f4xx_hal.o
                0x08001520                HAL_Init
 .text.HAL_InitTick
                0x08001564       0x38 Drivers/STM32F4xx_HAL_Driver/stm32f4xx_hal.o
                0x08001564                HAL_InitTick
 .text.HAL_IncTick
                0x0800159c       0x1c Drivers/STM32F4xx_HAL_Driver/stm32f4xx_hal.o
                0x0800159c                HAL_IncTick
 .text.HAL_GetTick
                0x080015b8       0x18 Drivers/STM32F4xx_HAL_Driver/stm32f4xx_hal.o
                0x080015b8                HAL_GetTick
 .text.HAL_Delay
                0x080015d0       0x2c Drivers/STM32F4xx_HAL_Driver/stm32f4xx_hal.o
                0x080015d0                HAL_Delay
 .text.HAL_CAN_Init
                0x080015fc      0x254 Drivers/STM32F4xx_HAL_Driver/stm32f4xx_hal_can.o
                0x080015fc                HAL_CAN_Init
 .text.NVIC_SetPriorityGrouping
                0x08001850       0x48 Drivers/STM32F4xx_HAL_Driver/stm32f4xx_hal_cortex.o
 .text.NVIC_GetPriorityGrouping
                0x08001898       0x1c Drivers/STM32F4xx_HAL_Driver/stm32f4xx_hal_cortex.o
 .text.NVIC_EnableIRQ
                0x080018b4       0x34 Drivers/STM32F4xx_HAL_Driver/stm32f4xx_hal_cortex.o
 .text.NVIC_SetPriority
                0x080018e8       0x54 Drivers/STM32F4xx_HAL_Driver/stm32f4xx_hal_cortex.o
 .text.NVIC_EncodePriority
                0x0800193c       0x64 Drivers/STM32F4xx_HAL_Driver/stm32f4xx_hal_cortex.o
 .text.SysTick_Config
                0x080019a0       0x44 Drivers/STM32F4xx_HAL_Driver/stm32f4xx_hal_cortex.o
 .text.HAL_NVIC_SetPriorityGrouping
                0x080019e4       0x18 Drivers/STM32F4xx_HAL_Driver/stm32f4xx_hal_cortex.o
                0x080019e4                HAL_NVIC_SetPriorityGrouping
 .text.HAL_NVIC_SetPriority
                0x080019fc       0x38 Drivers/STM32F4xx_HAL_Driver/stm32f4xx_hal_cortex.o
                0x080019fc                HAL_NVIC_SetPriority
 .text.HAL_NVIC_EnableIRQ
                0x08001a34       0x1c Drivers/STM32F4xx_HAL_Driver/stm32f4xx_hal_cortex.o
                0x08001a34                HAL_NVIC_EnableIRQ
 .text.HAL_SYSTICK_Config
                0x08001a50       0x18 Drivers/STM32F4xx_HAL_Driver/stm32f4xx_hal_cortex.o
                0x08001a50                HAL_SYSTICK_Config
 .text.HAL_SYSTICK_CLKSourceConfig
                0x08001a68       0x38 Drivers/STM32F4xx_HAL_Driver/stm32f4xx_hal_cortex.o
                0x08001a68                HAL_SYSTICK_CLKSourceConfig
 .text.HAL_SYSTICK_IRQHandler
                0x08001aa0        0xc Drivers/STM32F4xx_HAL_Driver/stm32f4xx_hal_cortex.o
                0x08001aa0                HAL_SYSTICK_IRQHandler
 .text.HAL_SYSTICK_Callback
                0x08001aac       0x10 Drivers/STM32F4xx_HAL_Driver/stm32f4xx_hal_cortex.o
                0x08001aac                HAL_SYSTICK_Callback
 .text.HAL_GPIO_Init
                0x08001abc      0x340 Drivers/STM32F4xx_HAL_Driver/stm32f4xx_hal_gpio.o
                0x08001abc                HAL_GPIO_Init
 .text.HAL_GPIO_WritePin
                0x08001dfc       0x34 Drivers/STM32F4xx_HAL_Driver/stm32f4xx_hal_gpio.o
                0x08001dfc                HAL_GPIO_WritePin
 .text.HAL_GPIO_TogglePin
                0x08001e30       0x24 Drivers/STM32F4xx_HAL_Driver/stm32f4xx_hal_gpio.o
                0x08001e30                HAL_GPIO_TogglePin
 .text.HAL_PCD_Init
                0x08001e54      0x210 Drivers/STM32F4xx_HAL_Driver/stm32f4xx_hal_pcd.o
                0x08001e54                HAL_PCD_Init
 .text.HAL_PCD_Start
                0x08002064       0x44 Drivers/STM32F4xx_HAL_Driver/stm32f4xx_hal_pcd.o
                0x08002064                HAL_PCD_Start
 .text.HAL_PCD_IRQHandler
                0x080020a8      0x794 Drivers/STM32F4xx_HAL_Driver/stm32f4xx_hal_pcd.o
                0x080020a8                HAL_PCD_IRQHandler
 .text.HAL_PCD_SetAddress
                0x0800283c       0x44 Drivers/STM32F4xx_HAL_Driver/stm32f4xx_hal_pcd.o
                0x0800283c                HAL_PCD_SetAddress
 .text.HAL_PCD_EP_Open
                0x08002880       0xd0 Drivers/STM32F4xx_HAL_Driver/stm32f4xx_hal_pcd.o
                0x08002880                HAL_PCD_EP_Open
 .text.HAL_PCD_EP_Close
                0x08002950       0x94 Drivers/STM32F4xx_HAL_Driver/stm32f4xx_hal_pcd.o
                0x08002950                HAL_PCD_EP_Close
 .text.HAL_PCD_EP_Receive
                0x080029e4       0xb4 Drivers/STM32F4xx_HAL_Driver/stm32f4xx_hal_pcd.o
                0x080029e4                HAL_PCD_EP_Receive
 .text.HAL_PCD_EP_GetRxCount
                0x08002a98       0x34 Drivers/STM32F4xx_HAL_Driver/stm32f4xx_hal_pcd.o
                0x08002a98                HAL_PCD_EP_GetRxCount
 .text.HAL_PCD_EP_Transmit
                0x08002acc       0xb0 Drivers/STM32F4xx_HAL_Driver/stm32f4xx_hal_pcd.o
                0x08002acc                HAL_PCD_EP_Transmit
 .text.HAL_PCD_EP_SetStall
                0x08002b7c       0xb4 Drivers/STM32F4xx_HAL_Driver/stm32f4xx_hal_pcd.o
                0x08002b7c                HAL_PCD_EP_SetStall
 .text.HAL_PCD_EP_ClrStall
                0x08002c30       0x94 Drivers/STM32F4xx_HAL_Driver/stm32f4xx_hal_pcd.o
                0x08002c30                HAL_PCD_EP_ClrStall
 .text.PCD_WriteEmptyTxFifo
                0x08002cc4      0x110 Drivers/STM32F4xx_HAL_Driver/stm32f4xx_hal_pcd.o
 .text.HAL_PCDEx_SetTxFiFo
                0x08002dd4       0x98 Drivers/STM32F4xx_HAL_Driver/stm32f4xx_hal_pcd_ex.o
                0x08002dd4                HAL_PCDEx_SetTxFiFo
 .text.HAL_PCDEx_SetRxFiFo
                0x08002e6c       0x24 Drivers/STM32F4xx_HAL_Driver/stm32f4xx_hal_pcd_ex.o
                0x08002e6c                HAL_PCDEx_SetRxFiFo
 .text.HAL_RCC_OscConfig
                0x08002e90      0x490 Drivers/STM32F4xx_HAL_Driver/stm32f4xx_hal_rcc.o
                0x08002e90                HAL_RCC_OscConfig
 .text.HAL_RCC_ClockConfig
                0x08003320      0x314 Drivers/STM32F4xx_HAL_Driver/stm32f4xx_hal_rcc.o
                0x08003320                HAL_RCC_ClockConfig
 .text.HAL_RCC_GetSysClockFreq
                0x08003634       0xfc Drivers/STM32F4xx_HAL_Driver/stm32f4xx_hal_rcc.o
                0x08003634                HAL_RCC_GetSysClockFreq
 .text.HAL_RCC_GetHCLKFreq
                0x08003730       0x50 Drivers/STM32F4xx_HAL_Driver/stm32f4xx_hal_rcc.o
                0x08003730                HAL_RCC_GetHCLKFreq
 .text.HAL_RCC_GetPCLK1Freq
                0x08003780       0x44 Drivers/STM32F4xx_HAL_Driver/stm32f4xx_hal_rcc.o
                0x08003780                HAL_RCC_GetPCLK1Freq
 .text.HAL_RCC_GetPCLK2Freq
                0x080037c4       0x44 Drivers/STM32F4xx_HAL_Driver/stm32f4xx_hal_rcc.o
                0x080037c4                HAL_RCC_GetPCLK2Freq
 .text.HAL_SPI_Init
                0x08003808       0xcc Drivers/STM32F4xx_HAL_Driver/stm32f4xx_hal_spi.o
                0x08003808                HAL_SPI_Init
 .text.HAL_SPI_Transmit
                0x080038d4      0x278 Drivers/STM32F4xx_HAL_Driver/stm32f4xx_hal_spi.o
                0x080038d4                HAL_SPI_Transmit
 .text.HAL_SPI_Receive
                0x08003b4c      0x30c Drivers/STM32F4xx_HAL_Driver/stm32f4xx_hal_spi.o
                0x08003b4c                HAL_SPI_Receive
 .text.HAL_SPI_TransmitReceive
                0x08003e58      0x4b4 Drivers/STM32F4xx_HAL_Driver/stm32f4xx_hal_spi.o
                0x08003e58                HAL_SPI_TransmitReceive
 .text.SPI_WaitOnFlagUntilTimeout
                0x0800430c      0x148 Drivers/STM32F4xx_HAL_Driver/stm32f4xx_hal_spi.o
 .text.HAL_TIM_Base_Init
                0x08004454       0x58 Drivers/STM32F4xx_HAL_Driver/stm32f4xx_hal_tim.o
                0x08004454                HAL_TIM_Base_Init
 .text.HAL_TIM_Base_Start_IT
                0x080044ac       0x38 Drivers/STM32F4xx_HAL_Driver/stm32f4xx_hal_tim.o
                0x080044ac                HAL_TIM_Base_Start_IT
 .text.HAL_TIM_IRQHandler
                0x080044e4      0x210 Drivers/STM32F4xx_HAL_Driver/stm32f4xx_hal_tim.o
                0x080044e4                HAL_TIM_IRQHandler
 .text.HAL_TIM_PeriodElapsedCallback
                0x080046f4       0x14 Drivers/STM32F4xx_HAL_Driver/stm32f4xx_hal_tim.o
                0x080046f4                HAL_TIM_PeriodElapsedCallback
 .text.HAL_TIM_OC_DelayElapsedCallback
                0x08004708       0x14 Drivers/STM32F4xx_HAL_Driver/stm32f4xx_hal_tim.o
                0x08004708                HAL_TIM_OC_DelayElapsedCallback
 .text.HAL_TIM_IC_CaptureCallback
                0x0800471c       0x14 Drivers/STM32F4xx_HAL_Driver/stm32f4xx_hal_tim.o
                0x0800471c                HAL_TIM_IC_CaptureCallback
 .text.HAL_TIM_PWM_PulseFinishedCallback
                0x08004730       0x14 Drivers/STM32F4xx_HAL_Driver/stm32f4xx_hal_tim.o
                0x08004730                HAL_TIM_PWM_PulseFinishedCallback
 .text.HAL_TIM_TriggerCallback
                0x08004744       0x14 Drivers/STM32F4xx_HAL_Driver/stm32f4xx_hal_tim.o
                0x08004744                HAL_TIM_TriggerCallback
 .text.TIM_Base_SetConfig
                0x08004758      0x154 Drivers/STM32F4xx_HAL_Driver/stm32f4xx_hal_tim.o
                0x08004758                TIM_Base_SetConfig
 .text.HAL_TIMEx_CommutationCallback
                0x080048ac       0x14 Drivers/STM32F4xx_HAL_Driver/stm32f4xx_hal_tim_ex.o
                0x080048ac                HAL_TIMEx_CommutationCallback
 .text.HAL_TIMEx_BreakCallback
                0x080048c0       0x14 Drivers/STM32F4xx_HAL_Driver/stm32f4xx_hal_tim_ex.o
                0x080048c0                HAL_TIMEx_BreakCallback
 .text.HAL_MultiProcessor_Init
                0x080048d4       0xd8 Drivers/STM32F4xx_HAL_Driver/stm32f4xx_hal_uart.o
                0x080048d4                HAL_MultiProcessor_Init
 .text.HAL_UART_IRQHandler
                0x080049ac      0x1fc Drivers/STM32F4xx_HAL_Driver/stm32f4xx_hal_uart.o
                0x080049ac                HAL_UART_IRQHandler
 .text.HAL_UART_TxCpltCallback
                0x08004ba8       0x14 Drivers/STM32F4xx_HAL_Driver/stm32f4xx_hal_uart.o
                0x08004ba8                HAL_UART_TxCpltCallback
 .text.HAL_UART_RxCpltCallback
                0x08004bbc       0x14 Drivers/STM32F4xx_HAL_Driver/stm32f4xx_hal_uart.o
                0x08004bbc                HAL_UART_RxCpltCallback
 .text.HAL_UART_ErrorCallback
                0x08004bd0       0x14 Drivers/STM32F4xx_HAL_Driver/stm32f4xx_hal_uart.o
                0x08004bd0                HAL_UART_ErrorCallback
 .text.UART_Transmit_IT
                0x08004be4       0xb8 Drivers/STM32F4xx_HAL_Driver/stm32f4xx_hal_uart.o
 .text.UART_EndTransmit_IT
                0x08004c9c       0x68 Drivers/STM32F4xx_HAL_Driver/stm32f4xx_hal_uart.o
 .text.UART_Receive_IT
                0x08004d04      0x128 Drivers/STM32F4xx_HAL_Driver/stm32f4xx_hal_uart.o
 .text.UART_SetConfig
                0x08004e2c      0x2d8 Drivers/STM32F4xx_HAL_Driver/stm32f4xx_hal_uart.o
 .text.USB_CoreInit
                0x08005104       0xa4 Drivers/STM32F4xx_HAL_Driver/stm32f4xx_ll_usb.o
                0x08005104                USB_CoreInit
 .text.USB_EnableGlobalInt
                0x080051a8       0x24 Drivers/STM32F4xx_HAL_Driver/stm32f4xx_ll_usb.o
                0x080051a8                USB_EnableGlobalInt
 .text.USB_DisableGlobalInt
                0x080051cc       0x24 Drivers/STM32F4xx_HAL_Driver/stm32f4xx_ll_usb.o
                0x080051cc                USB_DisableGlobalInt
 .text.USB_SetCurrentMode
                0x080051f0       0x50 Drivers/STM32F4xx_HAL_Driver/stm32f4xx_ll_usb.o
                0x080051f0                USB_SetCurrentMode
 .text.USB_DevInit
                0x08005240      0x258 Drivers/STM32F4xx_HAL_Driver/stm32f4xx_ll_usb.o
                0x08005240                USB_DevInit
 .text.USB_FlushTxFifo
                0x08005498       0x4c Drivers/STM32F4xx_HAL_Driver/stm32f4xx_ll_usb.o
                0x08005498                USB_FlushTxFifo
 .text.USB_FlushRxFifo
                0x080054e4       0x44 Drivers/STM32F4xx_HAL_Driver/stm32f4xx_ll_usb.o
                0x080054e4                USB_FlushRxFifo
 .text.USB_SetDevSpeed
                0x08005528       0x30 Drivers/STM32F4xx_HAL_Driver/stm32f4xx_ll_usb.o
                0x08005528                USB_SetDevSpeed
 .text.USB_GetDevSpeed
                0x08005558       0x6c Drivers/STM32F4xx_HAL_Driver/stm32f4xx_ll_usb.o
                0x08005558                USB_GetDevSpeed
 .text.USB_ActivateEndpoint
                0x080055c4      0x114 Drivers/STM32F4xx_HAL_Driver/stm32f4xx_ll_usb.o
                0x080055c4                USB_ActivateEndpoint
 .text.USB_DeactivateEndpoint
                0x080056d8       0xf8 Drivers/STM32F4xx_HAL_Driver/stm32f4xx_ll_usb.o
                0x080056d8                USB_DeactivateEndpoint
 .text.USB_EPStartXfer
                0x080057d0      0x484 Drivers/STM32F4xx_HAL_Driver/stm32f4xx_ll_usb.o
                0x080057d0                USB_EPStartXfer
 .text.USB_EP0StartXfer
                0x08005c54      0x2bc Drivers/STM32F4xx_HAL_Driver/stm32f4xx_ll_usb.o
                0x08005c54                USB_EP0StartXfer
 .text.USB_WritePacket
                0x08005f10       0x70 Drivers/STM32F4xx_HAL_Driver/stm32f4xx_ll_usb.o
                0x08005f10                USB_WritePacket
 .text.USB_ReadPacket
                0x08005f80       0x54 Drivers/STM32F4xx_HAL_Driver/stm32f4xx_ll_usb.o
                0x08005f80                USB_ReadPacket
 .text.USB_EPSetStall
                0x08005fd4       0xe4 Drivers/STM32F4xx_HAL_Driver/stm32f4xx_ll_usb.o
                0x08005fd4                USB_EPSetStall
 .text.USB_EPClearStall
                0x080060b8       0xdc Drivers/STM32F4xx_HAL_Driver/stm32f4xx_ll_usb.o
                0x080060b8                USB_EPClearStall
 .text.USB_SetDevAddress
                0x08006194       0x4c Drivers/STM32F4xx_HAL_Driver/stm32f4xx_ll_usb.o
                0x08006194                USB_SetDevAddress
 .text.USB_DevConnect
                0x080061e0       0x30 Drivers/STM32F4xx_HAL_Driver/stm32f4xx_ll_usb.o
                0x080061e0                USB_DevConnect
 .text.USB_DevDisconnect
                0x08006210       0x30 Drivers/STM32F4xx_HAL_Driver/stm32f4xx_ll_usb.o
                0x08006210                USB_DevDisconnect
 .text.USB_ReadInterrupts
                0x08006240       0x2c Drivers/STM32F4xx_HAL_Driver/stm32f4xx_ll_usb.o
                0x08006240                USB_ReadInterrupts
 .text.USB_ReadDevAllOutEpInterrupt
                0x0800626c       0x30 Drivers/STM32F4xx_HAL_Driver/stm32f4xx_ll_usb.o
                0x0800626c                USB_ReadDevAllOutEpInterrupt
 .text.USB_ReadDevAllInEpInterrupt
                0x0800629c       0x30 Drivers/STM32F4xx_HAL_Driver/stm32f4xx_ll_usb.o
                0x0800629c                USB_ReadDevAllInEpInterrupt
 .text.USB_ReadDevOutEPInterrupt
                0x080062cc       0x38 Drivers/STM32F4xx_HAL_Driver/stm32f4xx_ll_usb.o
                0x080062cc                USB_ReadDevOutEPInterrupt
 .text.USB_ReadDevInEPInterrupt
                0x08006304       0x54 Drivers/STM32F4xx_HAL_Driver/stm32f4xx_ll_usb.o
                0x08006304                USB_ReadDevInEPInterrupt
 .text.USB_GetMode
                0x08006358       0x1c Drivers/STM32F4xx_HAL_Driver/stm32f4xx_ll_usb.o
                0x08006358                USB_GetMode
 .text.USB_ActivateSetup
                0x08006374       0x6c Drivers/STM32F4xx_HAL_Driver/stm32f4xx_ll_usb.o
                0x08006374                USB_ActivateSetup
 .text.USB_EP0_OutStart
                0x080063e0       0x8c Drivers/STM32F4xx_HAL_Driver/stm32f4xx_ll_usb.o
                0x080063e0                USB_EP0_OutStart
 .text.USB_CoreReset
                0x0800646c       0x68 Drivers/STM32F4xx_HAL_Driver/stm32f4xx_ll_usb.o
 .text.USBD_CDC_Init
                0x080064d4       0xd4 Middlewares/USB_Device_Library/usbd_cdc.o
 .text.USBD_CDC_DeInit
                0x080065a8       0x5c Middlewares/USB_Device_Library/usbd_cdc.o
 .text.USBD_CDC_Setup
                0x08006604       0xc0 Middlewares/USB_Device_Library/usbd_cdc.o
 .text.USBD_CDC_DataIn
                0x080066c4       0x38 Middlewares/USB_Device_Library/usbd_cdc.o
 .text.USBD_CDC_DataOut
                0x080066fc       0x58 Middlewares/USB_Device_Library/usbd_cdc.o
 .text.USBD_CDC_EP0_RxReady
                0x08006754       0x50 Middlewares/USB_Device_Library/usbd_cdc.o
 .text.USBD_CDC_GetFSCfgDesc
                0x080067a4       0x20 Middlewares/USB_Device_Library/usbd_cdc.o
 .text.USBD_CDC_GetHSCfgDesc
                0x080067c4       0x20 Middlewares/USB_Device_Library/usbd_cdc.o
 .text.USBD_CDC_GetOtherSpeedCfgDesc
                0x080067e4       0x20 Middlewares/USB_Device_Library/usbd_cdc.o
 .text.USBD_CDC_GetDeviceQualifierDescriptor
                0x08006804       0x20 Middlewares/USB_Device_Library/usbd_cdc.o
                0x08006804                USBD_CDC_GetDeviceQualifierDescriptor
 .text.USBD_CDC_RegisterInterface
                0x08006824       0x30 Middlewares/USB_Device_Library/usbd_cdc.o
                0x08006824                USBD_CDC_RegisterInterface
 .text.USBD_CDC_SetTxBuffer
                0x08006854       0x34 Middlewares/USB_Device_Library/usbd_cdc.o
                0x08006854                USBD_CDC_SetTxBuffer
 .text.USBD_CDC_SetRxBuffer
                0x08006888       0x28 Middlewares/USB_Device_Library/usbd_cdc.o
                0x08006888                USBD_CDC_SetRxBuffer
 .text.USBD_CDC_TransmitPacket
                0x080068b0       0x54 Middlewares/USB_Device_Library/usbd_cdc.o
                0x080068b0                USBD_CDC_TransmitPacket
 .text.USBD_CDC_ReceivePacket
                0x08006904       0x54 Middlewares/USB_Device_Library/usbd_cdc.o
                0x08006904                USBD_CDC_ReceivePacket
 .text.USBD_Init
                0x08006958       0x58 Middlewares/USB_Device_Library/usbd_core.o
                0x08006958                USBD_Init
 .text.USBD_RegisterClass
                0x080069b0       0x34 Middlewares/USB_Device_Library/usbd_core.o
                0x080069b0                USBD_RegisterClass
 .text.USBD_Start
                0x080069e4       0x18 Middlewares/USB_Device_Library/usbd_core.o
                0x080069e4                USBD_Start
 .text.USBD_RunTestMode
                0x080069fc       0x18 Middlewares/USB_Device_Library/usbd_core.o
                0x080069fc                USBD_RunTestMode
 .text.USBD_SetClassConfig
                0x08006a14       0x40 Middlewares/USB_Device_Library/usbd_core.o
                0x08006a14                USBD_SetClassConfig
 .text.USBD_ClrClassConfig
                0x08006a54       0x28 Middlewares/USB_Device_Library/usbd_core.o
                0x08006a54                USBD_ClrClassConfig
 .text.USBD_LL_SetupStage
                0x08006a7c       0x94 Middlewares/USB_Device_Library/usbd_core.o
                0x08006a7c                USBD_LL_SetupStage
 .text.USBD_LL_DataOutStage
                0x08006b10       0xb8 Middlewares/USB_Device_Library/usbd_core.o
                0x08006b10                USBD_LL_DataOutStage
 .text.USBD_LL_DataInStage
                0x08006bc8      0x120 Middlewares/USB_Device_Library/usbd_core.o
                0x08006bc8                USBD_LL_DataInStage
 .text.USBD_LL_Reset
                0x08006ce8       0x60 Middlewares/USB_Device_Library/usbd_core.o
                0x08006ce8                USBD_LL_Reset
 .text.USBD_LL_SetSpeed
                0x08006d48       0x20 Middlewares/USB_Device_Library/usbd_core.o
                0x08006d48                USBD_LL_SetSpeed
 .text.USBD_LL_Suspend
                0x08006d68       0x2c Middlewares/USB_Device_Library/usbd_core.o
                0x08006d68                USBD_LL_Suspend
 .text.USBD_LL_Resume
                0x08006d94       0x24 Middlewares/USB_Device_Library/usbd_core.o
                0x08006d94                USBD_LL_Resume
 .text.USBD_LL_SOF
                0x08006db8       0x34 Middlewares/USB_Device_Library/usbd_core.o
                0x08006db8                USBD_LL_SOF
 .text.USBD_LL_IsoINIncomplete
                0x08006dec       0x1c Middlewares/USB_Device_Library/usbd_core.o
                0x08006dec                USBD_LL_IsoINIncomplete
 .text.USBD_LL_IsoOUTIncomplete
                0x08006e08       0x1c Middlewares/USB_Device_Library/usbd_core.o
                0x08006e08                USBD_LL_IsoOUTIncomplete
 .text.USBD_LL_DevConnected
                0x08006e24       0x18 Middlewares/USB_Device_Library/usbd_core.o
                0x08006e24                USBD_LL_DevConnected
 .text.USBD_LL_DevDisconnected
                0x08006e3c       0x30 Middlewares/USB_Device_Library/usbd_core.o
                0x08006e3c                USBD_LL_DevDisconnected
 .text.USBD_StdDevReq
                0x08006e6c       0xa0 Middlewares/USB_Device_Library/usbd_ctlreq.o
                0x08006e6c                USBD_StdDevReq
 .text.USBD_StdItfReq
                0x08006f0c       0x68 Middlewares/USB_Device_Library/usbd_ctlreq.o
                0x08006f0c                USBD_StdItfReq
 .text.USBD_StdEPReq
                0x08006f74      0x1b0 Middlewares/USB_Device_Library/usbd_ctlreq.o
                0x08006f74                USBD_StdEPReq
 .text.USBD_GetDescriptor
                0x08007124      0x1e8 Middlewares/USB_Device_Library/usbd_ctlreq.o
 .text.USBD_SetAddress
                0x0800730c       0x7c Middlewares/USB_Device_Library/usbd_ctlreq.o
 .text.USBD_SetConfig
                0x08007388      0x110 Middlewares/USB_Device_Library/usbd_ctlreq.o
 .text.USBD_GetConfig
                0x08007498       0x64 Middlewares/USB_Device_Library/usbd_ctlreq.o
 .text.USBD_GetStatus
                0x080074fc       0x54 Middlewares/USB_Device_Library/usbd_ctlreq.o
 .text.USBD_SetFeature
                0x08007550       0x38 Middlewares/USB_Device_Library/usbd_ctlreq.o
 .text.USBD_ClrFeature
                0x08007588       0x50 Middlewares/USB_Device_Library/usbd_ctlreq.o
 .text.USBD_ParseSetupRequest
                0x080075d8       0x7c Middlewares/USB_Device_Library/usbd_ctlreq.o
                0x080075d8                USBD_ParseSetupRequest
 .text.USBD_CtlError
                0x08007654       0x24 Middlewares/USB_Device_Library/usbd_ctlreq.o
                0x08007654                USBD_CtlError
 .text.USBD_GetString
                0x08007678       0x88 Middlewares/USB_Device_Library/usbd_ctlreq.o
                0x08007678                USBD_GetString
 .text.USBD_GetLen
                0x08007700       0x30 Middlewares/USB_Device_Library/usbd_ctlreq.o
 .text.USBD_CtlSendData
                0x08007730       0x38 Middlewares/USB_Device_Library/usbd_ioreq.o
                0x08007730                USBD_CtlSendData
 .text.USBD_CtlContinueSendData
                0x08007768       0x24 Middlewares/USB_Device_Library/usbd_ioreq.o
                0x08007768                USBD_CtlContinueSendData
 .text.USBD_CtlPrepareRx
                0x0800778c       0x3c Middlewares/USB_Device_Library/usbd_ioreq.o
                0x0800778c                USBD_CtlPrepareRx
 .text.USBD_CtlContinueRx
                0x080077c8       0x24 Middlewares/USB_Device_Library/usbd_ioreq.o
                0x080077c8                USBD_CtlContinueRx
 .text.USBD_CtlSendStatus
                0x080077ec       0x28 Middlewares/USB_Device_Library/usbd_ioreq.o
                0x080077ec                USBD_CtlSendStatus
 .text.USBD_CtlReceiveStatus
                0x08007814       0x28 Middlewares/USB_Device_Library/usbd_ioreq.o
                0x08007814                USBD_CtlReceiveStatus
 .text.__libc_init_array
                0x0800783c       0x4c c:/ac6/systemworkbench/plugins/fr.ac6.mcu.externaltools.arm-none.win32_1.7.0.201602121829/tools/compiler/bin/../lib/gcc/arm-none-eabi/5.2.1/../../../../arm-none-eabi/lib/armv7e-m/fpu\libc_nano.a(lib_a-init.o)
                0x0800783c                __libc_init_array
 .text.malloc   0x08007888       0x10 c:/ac6/systemworkbench/plugins/fr.ac6.mcu.externaltools.arm-none.win32_1.7.0.201602121829/tools/compiler/bin/../lib/gcc/arm-none-eabi/5.2.1/../../../../arm-none-eabi/lib/armv7e-m/fpu\libc_nano.a(lib_a-malloc.o)
                0x08007888                malloc
 .text.free     0x08007898       0x10 c:/ac6/systemworkbench/plugins/fr.ac6.mcu.externaltools.arm-none.win32_1.7.0.201602121829/tools/compiler/bin/../lib/gcc/arm-none-eabi/5.2.1/../../../../arm-none-eabi/lib/armv7e-m/fpu\libc_nano.a(lib_a-malloc.o)
                0x08007898                free
 .text._free_r  0x080078a8       0x8c c:/ac6/systemworkbench/plugins/fr.ac6.mcu.externaltools.arm-none.win32_1.7.0.201602121829/tools/compiler/bin/../lib/gcc/arm-none-eabi/5.2.1/../../../../arm-none-eabi/lib/armv7e-m/fpu\libc_nano.a(lib_a-nano-freer.o)
                0x080078a8                _free_r
 .text._malloc_r
                0x08007934       0xa8 c:/ac6/systemworkbench/plugins/fr.ac6.mcu.externaltools.arm-none.win32_1.7.0.201602121829/tools/compiler/bin/../lib/gcc/arm-none-eabi/5.2.1/../../../../arm-none-eabi/lib/armv7e-m/fpu\libc_nano.a(lib_a-nano-mallocr.o)
                0x08007934                _malloc_r
 .text._sbrk_r  0x080079dc       0x20 c:/ac6/systemworkbench/plugins/fr.ac6.mcu.externaltools.arm-none.win32_1.7.0.201602121829/tools/compiler/bin/../lib/gcc/arm-none-eabi/5.2.1/../../../../arm-none-eabi/lib/armv7e-m/fpu\libc_nano.a(lib_a-sbrkr.o)
                0x080079dc                _sbrk_r
 .text.sprintf  0x080079fc       0x48 c:/ac6/systemworkbench/plugins/fr.ac6.mcu.externaltools.arm-none.win32_1.7.0.201602121829/tools/compiler/bin/../lib/gcc/arm-none-eabi/5.2.1/../../../../arm-none-eabi/lib/armv7e-m/fpu\libc_nano.a(lib_a-sprintf.o)
                0x080079fc                siprintf
                0x080079fc                sprintf
 .text.__ssputs_r
                0x08007a44       0xb2 c:/ac6/systemworkbench/plugins/fr.ac6.mcu.externaltools.arm-none.win32_1.7.0.201602121829/tools/compiler/bin/../lib/gcc/arm-none-eabi/5.2.1/../../../../arm-none-eabi/lib/armv7e-m/fpu\libc_nano.a(lib_a-nano-svfprintf.o)
                0x08007a44                __ssputs_r
 *fill*         0x08007af6        0x2 
 .text._svfprintf_r
                0x08007af8      0x1e8 c:/ac6/systemworkbench/plugins/fr.ac6.mcu.externaltools.arm-none.win32_1.7.0.201602121829/tools/compiler/bin/../lib/gcc/arm-none-eabi/5.2.1/../../../../arm-none-eabi/lib/armv7e-m/fpu\libc_nano.a(lib_a-nano-svfprintf.o)
                0x08007af8                _svfiprintf_r
                0x08007af8                _svfprintf_r
 .text._printf_common
                0x08007ce0       0xec c:/ac6/systemworkbench/plugins/fr.ac6.mcu.externaltools.arm-none.win32_1.7.0.201602121829/tools/compiler/bin/../lib/gcc/arm-none-eabi/5.2.1/../../../../arm-none-eabi/lib/armv7e-m/fpu\libc_nano.a(lib_a-nano-vfprintf_i.o)
                0x08007ce0                _printf_common
 .text._printf_i
                0x08007dcc      0x24c c:/ac6/systemworkbench/plugins/fr.ac6.mcu.externaltools.arm-none.win32_1.7.0.201602121829/tools/compiler/bin/../lib/gcc/arm-none-eabi/5.2.1/../../../../arm-none-eabi/lib/armv7e-m/fpu\libc_nano.a(lib_a-nano-vfprintf_i.o)
                0x08007dcc                _printf_i
 .text.memcpy   0x08008018       0x16 c:/ac6/systemworkbench/plugins/fr.ac6.mcu.externaltools.arm-none.win32_1.7.0.201602121829/tools/compiler/bin/../lib/gcc/arm-none-eabi/5.2.1/../../../../arm-none-eabi/lib/armv7e-m/fpu\libc_nano.a(lib_a-memcpy-stub.o)
                0x08008018                memcpy
 .text.memmove  0x0800802e       0x36 c:/ac6/systemworkbench/plugins/fr.ac6.mcu.externaltools.arm-none.win32_1.7.0.201602121829/tools/compiler/bin/../lib/gcc/arm-none-eabi/5.2.1/../../../../arm-none-eabi/lib/armv7e-m/fpu\libc_nano.a(lib_a-memmove.o)
                0x0800802e                memmove
 .text._realloc_r
                0x08008064       0x4c c:/ac6/systemworkbench/plugins/fr.ac6.mcu.externaltools.arm-none.win32_1.7.0.201602121829/tools/compiler/bin/../lib/gcc/arm-none-eabi/5.2.1/../../../../arm-none-eabi/lib/armv7e-m/fpu\libc_nano.a(lib_a-nano-reallocr.o)
                0x08008064                _realloc_r
 .text._malloc_usable_size_r
                0x080080b0       0x14 c:/ac6/systemworkbench/plugins/fr.ac6.mcu.externaltools.arm-none.win32_1.7.0.201602121829/tools/compiler/bin/../lib/gcc/arm-none-eabi/5.2.1/../../../../arm-none-eabi/lib/armv7e-m/fpu\libc_nano.a(lib_a-nano-msizer.o)
                0x080080b0                _malloc_usable_size_r
 .text._sbrk    0x080080c4       0x1c c:/ac6/systemworkbench/plugins/fr.ac6.mcu.externaltools.arm-none.win32_1.7.0.201602121829/tools/compiler/bin/../lib/gcc/arm-none-eabi/5.2.1/../../../../arm-none-eabi/lib/armv7e-m/fpu\libnosys.a(sbrk.o)
                0x080080c4                _sbrk
 *(.glue_7)
 .glue_7        0x080080e0        0x0 linker stubs
 *(.glue_7t)
 .glue_7t       0x080080e0        0x0 linker stubs
 *(.eh_frame)
 .eh_frame      0x080080e0        0x0 c:/ac6/systemworkbench/plugins/fr.ac6.mcu.externaltools.arm-none.win32_1.7.0.201602121829/tools/compiler/bin/../lib/gcc/arm-none-eabi/5.2.1/armv7e-m/fpu/crtbegin.o
 *(.init)
 .init          0x080080e0        0x4 c:/ac6/systemworkbench/plugins/fr.ac6.mcu.externaltools.arm-none.win32_1.7.0.201602121829/tools/compiler/bin/../lib/gcc/arm-none-eabi/5.2.1/armv7e-m/fpu/crti.o
                0x080080e0                _init
 .init          0x080080e4        0x8 c:/ac6/systemworkbench/plugins/fr.ac6.mcu.externaltools.arm-none.win32_1.7.0.201602121829/tools/compiler/bin/../lib/gcc/arm-none-eabi/5.2.1/armv7e-m/fpu/crtn.o
 *(.fini)
 .fini          0x080080ec        0x4 c:/ac6/systemworkbench/plugins/fr.ac6.mcu.externaltools.arm-none.win32_1.7.0.201602121829/tools/compiler/bin/../lib/gcc/arm-none-eabi/5.2.1/armv7e-m/fpu/crti.o
                0x080080ec                _fini
 .fini          0x080080f0        0x8 c:/ac6/systemworkbench/plugins/fr.ac6.mcu.externaltools.arm-none.win32_1.7.0.201602121829/tools/compiler/bin/../lib/gcc/arm-none-eabi/5.2.1/armv7e-m/fpu/crtn.o
                0x080080f8                . = ALIGN (0x4)
                0x080080f8                _etext = .

.vfp11_veneer   0x080080f8        0x0
 .vfp11_veneer  0x080080f8        0x0 linker stubs

.v4_bx          0x080080f8        0x0
 .v4_bx         0x080080f8        0x0 linker stubs

.iplt           0x080080f8        0x0
 .iplt          0x080080f8        0x0 c:/ac6/systemworkbench/plugins/fr.ac6.mcu.externaltools.arm-none.win32_1.7.0.201602121829/tools/compiler/bin/../lib/gcc/arm-none-eabi/5.2.1/armv7e-m/fpu/crtbegin.o

.rodata         0x080080f8       0xb0
                0x080080f8                . = ALIGN (0x4)
 *(.rodata)
 .rodata        0x080080f8       0x10 Application/User/main.o
 .rodata        0x08008108       0x56 Application/User/usbd_desc.o
 *fill*         0x0800815e        0x2 
 .rodata        0x08008160       0x10 Drivers/STM32F4xx_HAL_Driver/stm32f4xx_hal_rcc.o
                0x08008160                APBAHBPrescTable
 *(.rodata*)
 .rodata.str1.1
                0x08008170        0x2 c:/ac6/systemworkbench/plugins/fr.ac6.mcu.externaltools.arm-none.win32_1.7.0.201602121829/tools/compiler/bin/../lib/gcc/arm-none-eabi/5.2.1/../../../../arm-none-eabi/lib/armv7e-m/fpu\libc_nano.a(lib_a-impure.o)
 .rodata.str1.1
                0x08008172       0x11 c:/ac6/systemworkbench/plugins/fr.ac6.mcu.externaltools.arm-none.win32_1.7.0.201602121829/tools/compiler/bin/../lib/gcc/arm-none-eabi/5.2.1/../../../../arm-none-eabi/lib/armv7e-m/fpu\libc_nano.a(lib_a-nano-svfprintf.o)
 .rodata.str1.1
                0x08008183       0x22 c:/ac6/systemworkbench/plugins/fr.ac6.mcu.externaltools.arm-none.win32_1.7.0.201602121829/tools/compiler/bin/../lib/gcc/arm-none-eabi/5.2.1/../../../../arm-none-eabi/lib/armv7e-m/fpu\libc_nano.a(lib_a-nano-vfprintf_i.o)
                0x080081a8                . = ALIGN (0x4)
 *fill*         0x080081a5        0x3 

.rel.dyn        0x080081a8        0x0
 .rel.iplt      0x080081a8        0x0 c:/ac6/systemworkbench/plugins/fr.ac6.mcu.externaltools.arm-none.win32_1.7.0.201602121829/tools/compiler/bin/../lib/gcc/arm-none-eabi/5.2.1/armv7e-m/fpu/crtbegin.o

.ARM.extab
 *(.ARM.extab* .gnu.linkonce.armextab.*)

.ARM            0x080081a8        0x0
                0x080081a8                __exidx_start = .
 *(.ARM.exidx*)
                0x080081a8                __exidx_end = .

.preinit_array  0x080081a8        0x0
                0x080081a8                PROVIDE (__preinit_array_start, .)
 *(.preinit_array*)
                0x080081a8                PROVIDE (__preinit_array_end, .)

.init_array     0x080081a8        0x4
                0x080081a8                PROVIDE (__init_array_start, .)
 *(SORT(.init_array.*))
 *(.init_array*)
 .init_array    0x080081a8        0x4 c:/ac6/systemworkbench/plugins/fr.ac6.mcu.externaltools.arm-none.win32_1.7.0.201602121829/tools/compiler/bin/../lib/gcc/arm-none-eabi/5.2.1/armv7e-m/fpu/crtbegin.o
                0x080081ac                PROVIDE (__init_array_end, .)

.fini_array     0x080081ac        0x4
                [!provide]                PROVIDE (__fini_array_start, .)
 *(SORT(.fini_array.*))
 *(.fini_array*)
 .fini_array    0x080081ac        0x4 c:/ac6/systemworkbench/plugins/fr.ac6.mcu.externaltools.arm-none.win32_1.7.0.201602121829/tools/compiler/bin/../lib/gcc/arm-none-eabi/5.2.1/armv7e-m/fpu/crtbegin.o
                [!provide]                PROVIDE (__fini_array_end, .)
                0x080081b0                _sidata = LOADADDR (.data)

.data           0x20000000      0x1c4 load address 0x080081b0
                0x20000000                . = ALIGN (0x4)
                0x20000000                _sdata = .
 *(.data)
 .data          0x20000000        0x8 Application/User/main.o
 .data          0x20000008       0x10 Application/User/usbd_cdc_if.o
                0x20000008                USBD_Interface_fops_FS
 .data          0x20000018       0x34 Application/User/usbd_desc.o
                0x20000018                FS_Desc
                0x20000034                USBD_FS_DeviceDesc
                0x20000048                USBD_LangIDDesc
 .data          0x2000004c        0x4 Drivers/CMSIS/system_stm32f4xx.o
                0x2000004c                SystemCoreClock
 .data          0x20000050      0x10f Middlewares/USB_Device_Library/usbd_cdc.o
                0x2000005c                USBD_CDC
                0x20000094                USBD_CDC_CfgHSDesc
                0x200000d8                USBD_CDC_CfgFSDesc
                0x2000011c                USBD_CDC_OtherSpeedCfgDesc
 *(.data*)
 *fill*         0x2000015f        0x1 
 .data.impure_data
                0x20000160       0x60 c:/ac6/systemworkbench/plugins/fr.ac6.mcu.externaltools.arm-none.win32_1.7.0.201602121829/tools/compiler/bin/../lib/gcc/arm-none-eabi/5.2.1/../../../../arm-none-eabi/lib/armv7e-m/fpu\libc_nano.a(lib_a-impure.o)
 .data._impure_ptr
                0x200001c0        0x4 c:/ac6/systemworkbench/plugins/fr.ac6.mcu.externaltools.arm-none.win32_1.7.0.201602121829/tools/compiler/bin/../lib/gcc/arm-none-eabi/5.2.1/../../../../arm-none-eabi/lib/armv7e-m/fpu\libc_nano.a(lib_a-impure.o)
                0x200001c0                _impure_ptr
                0x200001c4                . = ALIGN (0x4)
                0x200001c4                _edata = .
                0x08008374                _siccmram = LOADADDR (.ccmram)

.jcr            0x200001c4        0x0 load address 0x08008374
 .jcr           0x200001c4        0x0 c:/ac6/systemworkbench/plugins/fr.ac6.mcu.externaltools.arm-none.win32_1.7.0.201602121829/tools/compiler/bin/../lib/gcc/arm-none-eabi/5.2.1/armv7e-m/fpu/crtbegin.o

.tm_clone_table
                0x200001c4        0x0 load address 0x08008374
 .tm_clone_table
                0x200001c4        0x0 c:/ac6/systemworkbench/plugins/fr.ac6.mcu.externaltools.arm-none.win32_1.7.0.201602121829/tools/compiler/bin/../lib/gcc/arm-none-eabi/5.2.1/armv7e-m/fpu/crtbegin.o
 .tm_clone_table
                0x200001c4        0x0 c:/ac6/systemworkbench/plugins/fr.ac6.mcu.externaltools.arm-none.win32_1.7.0.201602121829/tools/compiler/bin/../lib/gcc/arm-none-eabi/5.2.1/armv7e-m/fpu/crtend.o

.igot.plt       0x200001c4        0x0 load address 0x08008374
 .igot.plt      0x200001c4        0x0 c:/ac6/systemworkbench/plugins/fr.ac6.mcu.externaltools.arm-none.win32_1.7.0.201602121829/tools/compiler/bin/../lib/gcc/arm-none-eabi/5.2.1/armv7e-m/fpu/crtbegin.o

.ccmram         0x10000000        0x0 load address 0x08008374
                0x10000000                . = ALIGN (0x4)
                0x10000000                _sccmram = .
 *(.ccmram)
 *(.ccmram*)
                0x10000000                . = ALIGN (0x4)
                0x10000000                _eccmram = .
                0x10000000                . = ALIGN (0x4)

.bss            0x200001c4      0xa08
                0x200001c4                _sbss = .
                0x200001c4                __bss_start__ = _sbss
 *(.bss)
 .bss           0x200001c4       0x1c c:/ac6/systemworkbench/plugins/fr.ac6.mcu.externaltools.arm-none.win32_1.7.0.201602121829/tools/compiler/bin/../lib/gcc/arm-none-eabi/5.2.1/armv7e-m/fpu/crtbegin.o
 .bss           0x200001e0        0x8 Application/User/main.o
 .bss           0x200001e8        0x4 Application/User/stm32f4xx_it.o
                0x200001e8                cntrMs
 .bss           0x200001ec        0x4 Drivers/STM32F4xx_HAL_Driver/stm32f4xx_hal.o
 .bss           0x200001f0        0x1 Middlewares/USB_Device_Library/usbd_cdc.o
 .bss           0x200001f1        0x1 Middlewares/USB_Device_Library/usbd_ctlreq.o
 *(.bss*)
 *fill*         0x200001f2        0x2 
 .bss.__malloc_sbrk_start
                0x200001f4        0x4 c:/ac6/systemworkbench/plugins/fr.ac6.mcu.externaltools.arm-none.win32_1.7.0.201602121829/tools/compiler/bin/../lib/gcc/arm-none-eabi/5.2.1/../../../../arm-none-eabi/lib/armv7e-m/fpu\libc_nano.a(lib_a-nano-mallocr.o)
                0x200001f4                __malloc_sbrk_start
 .bss.__malloc_free_list
                0x200001f8        0x4 c:/ac6/systemworkbench/plugins/fr.ac6.mcu.externaltools.arm-none.win32_1.7.0.201602121829/tools/compiler/bin/../lib/gcc/arm-none-eabi/5.2.1/../../../../arm-none-eabi/lib/armv7e-m/fpu\libc_nano.a(lib_a-nano-mallocr.o)
                0x200001f8                __malloc_free_list
 .bss.heap_end.4169
                0x200001fc        0x4 c:/ac6/systemworkbench/plugins/fr.ac6.mcu.externaltools.arm-none.win32_1.7.0.201602121829/tools/compiler/bin/../lib/gcc/arm-none-eabi/5.2.1/../../../../arm-none-eabi/lib/armv7e-m/fpu\libnosys.a(sbrk.o)
 *(COMMON)
 COMMON         0x20000200       0x6c Application/User/LIS3DSH_HAL.o
                0x20000200                transmitBufLen
                0x20000204                transmitBuffer
                0x20000214                hspi1
 COMMON         0x2000026c       0xfc Application/User/main.o
                0x2000026c                htim13
                0x200002a8                traTemp
                0x200002e8                huart2
                0x20000328                hcan1
 COMMON         0x20000368      0x224 Application/User/usb_device.o
                0x20000368                hUsbDeviceFS
 COMMON         0x2000058c       0x84 Application/User/usbd_cdc_if.o
                0x2000058c                hUsbDevice_0
                0x20000590                UserRxBufferFS
                0x200005d0                UserTxBufferFS
 COMMON         0x20000610      0x3b8 Application/User/usbd_conf.o
                0x20000610                hpcd_USB_OTG_FS
 COMMON         0x200009c8      0x200 Application/User/usbd_desc.o
                0x200009c8                USBD_StrDesc
 COMMON         0x20000bc8        0x4 c:/ac6/systemworkbench/plugins/fr.ac6.mcu.externaltools.arm-none.win32_1.7.0.201602121829/tools/compiler/bin/../lib/gcc/arm-none-eabi/5.2.1/../../../../arm-none-eabi/lib/armv7e-m/fpu\libc_nano.a(lib_a-reent.o)
                0x20000bc8                errno
                0x20000bcc                . = ALIGN (0x4)
                0x20000bcc                _ebss = .
                0x20000bcc                __bss_end__ = _ebss

._user_heap_stack
                0x20000bcc      0x604
                0x20000bd0                . = ALIGN (0x8)
 *fill*         0x20000bcc        0x4 
                0x20000bd0                PROVIDE (end, .)
                [!provide]                PROVIDE (_end, .)
                0x20000dd0                . = (. + _Min_Heap_Size)
 *fill*         0x20000bd0      0x200 
                0x200011d0                . = (. + _Min_Stack_Size)
 *fill*         0x20000dd0      0x400 
                0x200011d0                . = ALIGN (0x8)

/DISCARD/
 libc.a(*)
 libm.a(*)
 libgcc.a(*)

.ARM.attributes
                0x00000000       0x30
 *(.ARM.attributes)
 .ARM.attributes
                0x00000000       0x22 c:/ac6/systemworkbench/plugins/fr.ac6.mcu.externaltools.arm-none.win32_1.7.0.201602121829/tools/compiler/bin/../lib/gcc/arm-none-eabi/5.2.1/armv7e-m/fpu/crti.o
 .ARM.attributes
                0x00000022       0x34 c:/ac6/systemworkbench/plugins/fr.ac6.mcu.externaltools.arm-none.win32_1.7.0.201602121829/tools/compiler/bin/../lib/gcc/arm-none-eabi/5.2.1/armv7e-m/fpu/crtbegin.o
 .ARM.attributes
                0x00000056       0x21 Application/SW4STM32/startup_stm32f407xx.o
 .ARM.attributes
                0x00000077       0x39 Application/User/LIS3DSH_HAL.o
 .ARM.attributes
                0x000000b0       0x39 Application/User/main.o
 .ARM.attributes
                0x000000e9       0x39 Application/User/stm32f4xx_hal_msp.o
 .ARM.attributes
                0x00000122       0x39 Application/User/stm32f4xx_it.o
 .ARM.attributes
                0x0000015b       0x39 Application/User/usb_device.o
 .ARM.attributes
                0x00000194       0x39 Application/User/usbd_cdc_if.o
 .ARM.attributes
                0x000001cd       0x39 Application/User/usbd_conf.o
 .ARM.attributes
                0x00000206       0x39 Application/User/usbd_desc.o
 .ARM.attributes
                0x0000023f       0x39 Drivers/CMSIS/system_stm32f4xx.o
 .ARM.attributes
                0x00000278       0x39 Drivers/STM32F4xx_HAL_Driver/stm32f4xx_hal.o
 .ARM.attributes
                0x000002b1       0x39 Drivers/STM32F4xx_HAL_Driver/stm32f4xx_hal_can.o
 .ARM.attributes
                0x000002ea       0x39 Drivers/STM32F4xx_HAL_Driver/stm32f4xx_hal_cortex.o
 .ARM.attributes
                0x00000323       0x39 Drivers/STM32F4xx_HAL_Driver/stm32f4xx_hal_gpio.o
 .ARM.attributes
                0x0000035c       0x39 Drivers/STM32F4xx_HAL_Driver/stm32f4xx_hal_pcd.o
 .ARM.attributes
                0x00000395       0x39 Drivers/STM32F4xx_HAL_Driver/stm32f4xx_hal_pcd_ex.o
 .ARM.attributes
                0x000003ce       0x39 Drivers/STM32F4xx_HAL_Driver/stm32f4xx_hal_rcc.o
 .ARM.attributes
                0x00000407       0x39 Drivers/STM32F4xx_HAL_Driver/stm32f4xx_hal_spi.o
 .ARM.attributes
                0x00000440       0x39 Drivers/STM32F4xx_HAL_Driver/stm32f4xx_hal_tim.o
 .ARM.attributes
                0x00000479       0x39 Drivers/STM32F4xx_HAL_Driver/stm32f4xx_hal_tim_ex.o
 .ARM.attributes
                0x000004b2       0x39 Drivers/STM32F4xx_HAL_Driver/stm32f4xx_hal_uart.o
 .ARM.attributes
                0x000004eb       0x39 Drivers/STM32F4xx_HAL_Driver/stm32f4xx_ll_usb.o
 .ARM.attributes
                0x00000524       0x39 Middlewares/USB_Device_Library/usbd_cdc.o
 .ARM.attributes
                0x0000055d       0x39 Middlewares/USB_Device_Library/usbd_core.o
 .ARM.attributes
                0x00000596       0x39 Middlewares/USB_Device_Library/usbd_ctlreq.o
 .ARM.attributes
                0x000005cf       0x39 Middlewares/USB_Device_Library/usbd_ioreq.o
 .ARM.attributes
                0x00000608       0x34 c:/ac6/systemworkbench/plugins/fr.ac6.mcu.externaltools.arm-none.win32_1.7.0.201602121829/tools/compiler/bin/../lib/gcc/arm-none-eabi/5.2.1/../../../../arm-none-eabi/lib/armv7e-m/fpu\libc_nano.a(lib_a-impure.o)
 .ARM.attributes
                0x0000063c       0x34 c:/ac6/systemworkbench/plugins/fr.ac6.mcu.externaltools.arm-none.win32_1.7.0.201602121829/tools/compiler/bin/../lib/gcc/arm-none-eabi/5.2.1/../../../../arm-none-eabi/lib/armv7e-m/fpu\libc_nano.a(lib_a-init.o)
 .ARM.attributes
                0x00000670       0x34 c:/ac6/systemworkbench/plugins/fr.ac6.mcu.externaltools.arm-none.win32_1.7.0.201602121829/tools/compiler/bin/../lib/gcc/arm-none-eabi/5.2.1/../../../../arm-none-eabi/lib/armv7e-m/fpu\libc_nano.a(lib_a-malloc.o)
 .ARM.attributes
                0x000006a4       0x34 c:/ac6/systemworkbench/plugins/fr.ac6.mcu.externaltools.arm-none.win32_1.7.0.201602121829/tools/compiler/bin/../lib/gcc/arm-none-eabi/5.2.1/../../../../arm-none-eabi/lib/armv7e-m/fpu\libc_nano.a(lib_a-nano-freer.o)
 .ARM.attributes
                0x000006d8       0x34 c:/ac6/systemworkbench/plugins/fr.ac6.mcu.externaltools.arm-none.win32_1.7.0.201602121829/tools/compiler/bin/../lib/gcc/arm-none-eabi/5.2.1/../../../../arm-none-eabi/lib/armv7e-m/fpu\libc_nano.a(lib_a-nano-mallocr.o)
 .ARM.attributes
                0x0000070c       0x34 c:/ac6/systemworkbench/plugins/fr.ac6.mcu.externaltools.arm-none.win32_1.7.0.201602121829/tools/compiler/bin/../lib/gcc/arm-none-eabi/5.2.1/../../../../arm-none-eabi/lib/armv7e-m/fpu\libc_nano.a(lib_a-sbrkr.o)
 .ARM.attributes
                0x00000740       0x34 c:/ac6/systemworkbench/plugins/fr.ac6.mcu.externaltools.arm-none.win32_1.7.0.201602121829/tools/compiler/bin/../lib/gcc/arm-none-eabi/5.2.1/../../../../arm-none-eabi/lib/armv7e-m/fpu\libc_nano.a(lib_a-sprintf.o)
 .ARM.attributes
                0x00000774       0x1b c:/ac6/systemworkbench/plugins/fr.ac6.mcu.externaltools.arm-none.win32_1.7.0.201602121829/tools/compiler/bin/../lib/gcc/arm-none-eabi/5.2.1/../../../../arm-none-eabi/lib/armv7e-m/fpu\libc_nano.a(lib_a-strlen.o)
 .ARM.attributes
                0x0000078f       0x34 c:/ac6/systemworkbench/plugins/fr.ac6.mcu.externaltools.arm-none.win32_1.7.0.201602121829/tools/compiler/bin/../lib/gcc/arm-none-eabi/5.2.1/../../../../arm-none-eabi/lib/armv7e-m/fpu\libc_nano.a(lib_a-nano-svfprintf.o)
 .ARM.attributes
                0x000007c3       0x34 c:/ac6/systemworkbench/plugins/fr.ac6.mcu.externaltools.arm-none.win32_1.7.0.201602121829/tools/compiler/bin/../lib/gcc/arm-none-eabi/5.2.1/../../../../arm-none-eabi/lib/armv7e-m/fpu\libc_nano.a(lib_a-nano-vfprintf_i.o)
 .ARM.attributes
                0x000007f7       0x34 c:/ac6/systemworkbench/plugins/fr.ac6.mcu.externaltools.arm-none.win32_1.7.0.201602121829/tools/compiler/bin/../lib/gcc/arm-none-eabi/5.2.1/../../../../arm-none-eabi/lib/armv7e-m/fpu\libc_nano.a(lib_a-reent.o)
 .ARM.attributes
                0x0000082b       0x20 c:/ac6/systemworkbench/plugins/fr.ac6.mcu.externaltools.arm-none.win32_1.7.0.201602121829/tools/compiler/bin/../lib/gcc/arm-none-eabi/5.2.1/../../../../arm-none-eabi/lib/armv7e-m/fpu\libc_nano.a(lib_a-memchr.o)
 .ARM.attributes
                0x0000084b       0x34 c:/ac6/systemworkbench/plugins/fr.ac6.mcu.externaltools.arm-none.win32_1.7.0.201602121829/tools/compiler/bin/../lib/gcc/arm-none-eabi/5.2.1/../../../../arm-none-eabi/lib/armv7e-m/fpu\libc_nano.a(lib_a-memcpy-stub.o)
 .ARM.attributes
                0x0000087f       0x34 c:/ac6/systemworkbench/plugins/fr.ac6.mcu.externaltools.arm-none.win32_1.7.0.201602121829/tools/compiler/bin/../lib/gcc/arm-none-eabi/5.2.1/../../../../arm-none-eabi/lib/armv7e-m/fpu\libc_nano.a(lib_a-memmove.o)
 .ARM.attributes
                0x000008b3       0x34 c:/ac6/systemworkbench/plugins/fr.ac6.mcu.externaltools.arm-none.win32_1.7.0.201602121829/tools/compiler/bin/../lib/gcc/arm-none-eabi/5.2.1/../../../../arm-none-eabi/lib/armv7e-m/fpu\libc_nano.a(lib_a-nano-reallocr.o)
 .ARM.attributes
                0x000008e7       0x34 c:/ac6/systemworkbench/plugins/fr.ac6.mcu.externaltools.arm-none.win32_1.7.0.201602121829/tools/compiler/bin/../lib/gcc/arm-none-eabi/5.2.1/../../../../arm-none-eabi/lib/armv7e-m/fpu\libc_nano.a(lib_a-nano-msizer.o)
 .ARM.attributes
                0x0000091b       0x34 c:/ac6/systemworkbench/plugins/fr.ac6.mcu.externaltools.arm-none.win32_1.7.0.201602121829/tools/compiler/bin/../lib/gcc/arm-none-eabi/5.2.1/../../../../arm-none-eabi/lib/armv7e-m/fpu\libnosys.a(sbrk.o)
 .ARM.attributes
                0x0000094f       0x34 c:/ac6/systemworkbench/plugins/fr.ac6.mcu.externaltools.arm-none.win32_1.7.0.201602121829/tools/compiler/bin/../lib/gcc/arm-none-eabi/5.2.1/armv7e-m/fpu/crtend.o
 .ARM.attributes
                0x00000983       0x22 c:/ac6/systemworkbench/plugins/fr.ac6.mcu.externaltools.arm-none.win32_1.7.0.201602121829/tools/compiler/bin/../lib/gcc/arm-none-eabi/5.2.1/armv7e-m/fpu/crtn.o
OUTPUT(accelerometer.elf elf32-littlearm)

.debug_line     0x00000000    0x127a3
 .debug_line    0x00000000       0xe1 Application/SW4STM32/startup_stm32f407xx.o
 .debug_line    0x000000e1      0x89e Application/User/LIS3DSH_HAL.o
 .debug_line    0x0000097f      0xb35 Application/User/main.o
 .debug_line    0x000014b4      0x8fb Application/User/stm32f4xx_hal_msp.o
 .debug_line    0x00001daf      0x89e Application/User/stm32f4xx_it.o
 .debug_line    0x0000264d      0x9de Application/User/usb_device.o
 .debug_line    0x0000302b      0xa15 Application/User/usbd_cdc_if.o
 .debug_line    0x00003a40      0xb56 Application/User/usbd_conf.o
 .debug_line    0x00004596      0x9bb Application/User/usbd_desc.o
 .debug_line    0x00004f51      0x8a4 Drivers/CMSIS/system_stm32f4xx.o
 .debug_line    0x000057f5      0xa00 Drivers/STM32F4xx_HAL_Driver/stm32f4xx_hal.o
 .debug_line    0x000061f5      0xc7a Drivers/STM32F4xx_HAL_Driver/stm32f4xx_hal_can.o
 .debug_line    0x00006e6f      0xb35 Drivers/STM32F4xx_HAL_Driver/stm32f4xx_hal_cortex.o
 .debug_line    0x000079a4      0xa4e Drivers/STM32F4xx_HAL_Driver/stm32f4xx_hal_gpio.o
 .debug_line    0x000083f2      0xd64 Drivers/STM32F4xx_HAL_Driver/stm32f4xx_hal_pcd.o
 .debug_line    0x00009156      0x897 Drivers/STM32F4xx_HAL_Driver/stm32f4xx_hal_pcd_ex.o
 .debug_line    0x000099ed      0xb8b Drivers/STM32F4xx_HAL_Driver/stm32f4xx_hal_rcc.o
 .debug_line    0x0000a578     0x1079 Drivers/STM32F4xx_HAL_Driver/stm32f4xx_hal_spi.o
 .debug_line    0x0000b5f1     0x19eb Drivers/STM32F4xx_HAL_Driver/stm32f4xx_hal_tim.o
 .debug_line    0x0000cfdc      0xe1a Drivers/STM32F4xx_HAL_Driver/stm32f4xx_hal_tim_ex.o
 .debug_line    0x0000ddf6      0xefa Drivers/STM32F4xx_HAL_Driver/stm32f4xx_hal_uart.o
 .debug_line    0x0000ecf0      0xeaa Drivers/STM32F4xx_HAL_Driver/stm32f4xx_ll_usb.o
 .debug_line    0x0000fb9a      0xb5a Middlewares/USB_Device_Library/usbd_cdc.o
 .debug_line    0x000106f4      0xb3e Middlewares/USB_Device_Library/usbd_core.o
 .debug_line    0x00011232      0xb98 Middlewares/USB_Device_Library/usbd_ctlreq.o
 .debug_line    0x00011dca      0x9d9 Middlewares/USB_Device_Library/usbd_ioreq.o

.debug_info     0x00000000    0x1339e
 .debug_info    0x00000000       0xff Application/SW4STM32/startup_stm32f407xx.o
 .debug_info    0x000000ff      0x73a Application/User/LIS3DSH_HAL.o
 .debug_info    0x00000839     0x1564 Application/User/main.o
 .debug_info    0x00001d9d     0x14f9 Application/User/stm32f4xx_hal_msp.o
 .debug_info    0x00003296      0xba1 Application/User/stm32f4xx_it.o
 .debug_info    0x00003e37      0x594 Application/User/usb_device.o
 .debug_info    0x000043cb      0x6c1 Application/User/usbd_cdc_if.o
 .debug_info    0x00004a8c     0x148c Application/User/usbd_conf.o
 .debug_info    0x00005f18      0x38b Application/User/usbd_desc.o
 .debug_info    0x000062a3      0x4ab Drivers/CMSIS/system_stm32f4xx.o
 .debug_info    0x0000674e      0x849 Drivers/STM32F4xx_HAL_Driver/stm32f4xx_hal.o
 .debug_info    0x00006f97      0xac2 Drivers/STM32F4xx_HAL_Driver/stm32f4xx_hal_can.o
 .debug_info    0x00007a59      0xd06 Drivers/STM32F4xx_HAL_Driver/stm32f4xx_hal_cortex.o
 .debug_info    0x0000875f      0x70f Drivers/STM32F4xx_HAL_Driver/stm32f4xx_hal_gpio.o
 .debug_info    0x00008e6e      0xeb5 Drivers/STM32F4xx_HAL_Driver/stm32f4xx_hal_pcd.o
 .debug_info    0x00009d23      0x571 Drivers/STM32F4xx_HAL_Driver/stm32f4xx_hal_pcd_ex.o
 .debug_info    0x0000a294      0xb28 Drivers/STM32F4xx_HAL_Driver/stm32f4xx_hal_rcc.o
 .debug_info    0x0000adbc      0xf9e Drivers/STM32F4xx_HAL_Driver/stm32f4xx_hal_spi.o
 .debug_info    0x0000bd5a     0x2198 Drivers/STM32F4xx_HAL_Driver/stm32f4xx_hal_tim.o
 .debug_info    0x0000def2      0xf5e Drivers/STM32F4xx_HAL_Driver/stm32f4xx_hal_tim_ex.o
 .debug_info    0x0000ee50      0xf05 Drivers/STM32F4xx_HAL_Driver/stm32f4xx_hal_uart.o
 .debug_info    0x0000fd55     0x1403 Drivers/STM32F4xx_HAL_Driver/stm32f4xx_ll_usb.o
 .debug_info    0x00011158      0xa5a Middlewares/USB_Device_Library/usbd_cdc.o
 .debug_info    0x00011bb2      0x90e Middlewares/USB_Device_Library/usbd_core.o
 .debug_info    0x000124c0      0x86f Middlewares/USB_Device_Library/usbd_ctlreq.o
 .debug_info    0x00012d2f      0x66f Middlewares/USB_Device_Library/usbd_ioreq.o

.debug_abbrev   0x00000000     0x2e56
 .debug_abbrev  0x00000000       0x12 Application/SW4STM32/startup_stm32f407xx.o
 .debug_abbrev  0x00000012      0x18d Application/User/LIS3DSH_HAL.o
 .debug_abbrev  0x0000019f      0x216 Application/User/main.o
 .debug_abbrev  0x000003b5      0x1aa Application/User/stm32f4xx_hal_msp.o
 .debug_abbrev  0x0000055f      0x1a9 Application/User/stm32f4xx_it.o
 .debug_abbrev  0x00000708      0x139 Application/User/usb_device.o
 .debug_abbrev  0x00000841      0x1dd Application/User/usbd_cdc_if.o
 .debug_abbrev  0x00000a1e      0x229 Application/User/usbd_conf.o
 .debug_abbrev  0x00000c47      0x13f Application/User/usbd_desc.o
 .debug_abbrev  0x00000d86      0x104 Drivers/CMSIS/system_stm32f4xx.o
 .debug_abbrev  0x00000e8a      0x1fc Drivers/STM32F4xx_HAL_Driver/stm32f4xx_hal.o
 .debug_abbrev  0x00001086      0x209 Drivers/STM32F4xx_HAL_Driver/stm32f4xx_hal_can.o
 .debug_abbrev  0x0000128f      0x2cc Drivers/STM32F4xx_HAL_Driver/stm32f4xx_hal_cortex.o
 .debug_abbrev  0x0000155b      0x1af Drivers/STM32F4xx_HAL_Driver/stm32f4xx_hal_gpio.o
 .debug_abbrev  0x0000170a      0x23d Drivers/STM32F4xx_HAL_Driver/stm32f4xx_hal_pcd.o
 .debug_abbrev  0x00001947      0x163 Drivers/STM32F4xx_HAL_Driver/stm32f4xx_hal_pcd_ex.o
 .debug_abbrev  0x00001aaa      0x299 Drivers/STM32F4xx_HAL_Driver/stm32f4xx_hal_rcc.o
 .debug_abbrev  0x00001d43      0x20f Drivers/STM32F4xx_HAL_Driver/stm32f4xx_hal_spi.o
 .debug_abbrev  0x00001f52      0x20b Drivers/STM32F4xx_HAL_Driver/stm32f4xx_hal_tim.o
 .debug_abbrev  0x0000215d      0x202 Drivers/STM32F4xx_HAL_Driver/stm32f4xx_hal_tim_ex.o
 .debug_abbrev  0x0000235f      0x21a Drivers/STM32F4xx_HAL_Driver/stm32f4xx_hal_uart.o
 .debug_abbrev  0x00002579      0x218 Drivers/STM32F4xx_HAL_Driver/stm32f4xx_ll_usb.o
 .debug_abbrev  0x00002791      0x1e5 Middlewares/USB_Device_Library/usbd_cdc.o
 .debug_abbrev  0x00002976      0x1c0 Middlewares/USB_Device_Library/usbd_core.o
 .debug_abbrev  0x00002b36      0x1f0 Middlewares/USB_Device_Library/usbd_ctlreq.o
 .debug_abbrev  0x00002d26      0x130 Middlewares/USB_Device_Library/usbd_ioreq.o

.debug_aranges  0x00000000     0x12c0
 .debug_aranges
                0x00000000       0x28 Application/SW4STM32/startup_stm32f407xx.o
 .debug_aranges
                0x00000028       0x38 Application/User/LIS3DSH_HAL.o
 .debug_aranges
                0x00000060       0x60 Application/User/main.o
 .debug_aranges
                0x000000c0       0x60 Application/User/stm32f4xx_hal_msp.o
 .debug_aranges
                0x00000120       0x40 Application/User/stm32f4xx_it.o
 .debug_aranges
                0x00000160       0x20 Application/User/usb_device.o
 .debug_aranges
                0x00000180       0x40 Application/User/usbd_cdc_if.o
 .debug_aranges
                0x000001c0       0xf8 Application/User/usbd_conf.o
 .debug_aranges
                0x000002b8       0x50 Application/User/usbd_desc.o
 .debug_aranges
                0x00000308       0x28 Drivers/CMSIS/system_stm32f4xx.o
 .debug_aranges
                0x00000330       0xc0 Drivers/STM32F4xx_HAL_Driver/stm32f4xx_hal.o
 .debug_aranges
                0x000003f0       0xb0 Drivers/STM32F4xx_HAL_Driver/stm32f4xx_hal_can.o
 .debug_aranges
                0x000004a0      0x108 Drivers/STM32F4xx_HAL_Driver/stm32f4xx_hal_cortex.o
 .debug_aranges
                0x000005a8       0x58 Drivers/STM32F4xx_HAL_Driver/stm32f4xx_hal_gpio.o
 .debug_aranges
                0x00000600      0x120 Drivers/STM32F4xx_HAL_Driver/stm32f4xx_hal_pcd.o
 .debug_aranges
                0x00000720       0x28 Drivers/STM32F4xx_HAL_Driver/stm32f4xx_hal_pcd_ex.o
 .debug_aranges
                0x00000748       0x88 Drivers/STM32F4xx_HAL_Driver/stm32f4xx_hal_rcc.o
 .debug_aranges
                0x000007d0      0x158 Drivers/STM32F4xx_HAL_Driver/stm32f4xx_hal_spi.o
 .debug_aranges
                0x00000928      0x368 Drivers/STM32F4xx_HAL_Driver/stm32f4xx_hal_tim.o
 .debug_aranges
                0x00000c90      0x140 Drivers/STM32F4xx_HAL_Driver/stm32f4xx_hal_tim_ex.o
 .debug_aranges
                0x00000dd0      0x150 Drivers/STM32F4xx_HAL_Driver/stm32f4xx_hal_uart.o
 .debug_aranges
                0x00000f20      0x180 Drivers/STM32F4xx_HAL_Driver/stm32f4xx_ll_usb.o
 .debug_aranges
                0x000010a0       0x90 Middlewares/USB_Device_Library/usbd_cdc.o
 .debug_aranges
                0x00001130       0xb8 Middlewares/USB_Device_Library/usbd_core.o
 .debug_aranges
                0x000011e8       0x88 Middlewares/USB_Device_Library/usbd_ctlreq.o
 .debug_aranges
                0x00001270       0x50 Middlewares/USB_Device_Library/usbd_ioreq.o

.debug_ranges   0x00000000     0x1128
 .debug_ranges  0x00000000       0x20 Application/SW4STM32/startup_stm32f407xx.o
 .debug_ranges  0x00000020       0x28 Application/User/LIS3DSH_HAL.o
 .debug_ranges  0x00000048       0x50 Application/User/main.o
 .debug_ranges  0x00000098       0x50 Application/User/stm32f4xx_hal_msp.o
 .debug_ranges  0x000000e8       0x30 Application/User/stm32f4xx_it.o
 .debug_ranges  0x00000118       0x10 Application/User/usb_device.o
 .debug_ranges  0x00000128       0x30 Application/User/usbd_cdc_if.o
 .debug_ranges  0x00000158       0xe8 Application/User/usbd_conf.o
 .debug_ranges  0x00000240       0x40 Application/User/usbd_desc.o
 .debug_ranges  0x00000280       0x18 Drivers/CMSIS/system_stm32f4xx.o
 .debug_ranges  0x00000298       0xb0 Drivers/STM32F4xx_HAL_Driver/stm32f4xx_hal.o
 .debug_ranges  0x00000348       0xa0 Drivers/STM32F4xx_HAL_Driver/stm32f4xx_hal_can.o
 .debug_ranges  0x000003e8       0xf8 Drivers/STM32F4xx_HAL_Driver/stm32f4xx_hal_cortex.o
 .debug_ranges  0x000004e0       0x48 Drivers/STM32F4xx_HAL_Driver/stm32f4xx_hal_gpio.o
 .debug_ranges  0x00000528      0x110 Drivers/STM32F4xx_HAL_Driver/stm32f4xx_hal_pcd.o
 .debug_ranges  0x00000638       0x18 Drivers/STM32F4xx_HAL_Driver/stm32f4xx_hal_pcd_ex.o
 .debug_ranges  0x00000650       0x78 Drivers/STM32F4xx_HAL_Driver/stm32f4xx_hal_rcc.o
 .debug_ranges  0x000006c8      0x148 Drivers/STM32F4xx_HAL_Driver/stm32f4xx_hal_spi.o
 .debug_ranges  0x00000810      0x358 Drivers/STM32F4xx_HAL_Driver/stm32f4xx_hal_tim.o
 .debug_ranges  0x00000b68      0x130 Drivers/STM32F4xx_HAL_Driver/stm32f4xx_hal_tim_ex.o
 .debug_ranges  0x00000c98      0x140 Drivers/STM32F4xx_HAL_Driver/stm32f4xx_hal_uart.o
 .debug_ranges  0x00000dd8      0x170 Drivers/STM32F4xx_HAL_Driver/stm32f4xx_ll_usb.o
 .debug_ranges  0x00000f48       0x80 Middlewares/USB_Device_Library/usbd_cdc.o
 .debug_ranges  0x00000fc8       0xa8 Middlewares/USB_Device_Library/usbd_core.o
 .debug_ranges  0x00001070       0x78 Middlewares/USB_Device_Library/usbd_ctlreq.o
 .debug_ranges  0x000010e8       0x40 Middlewares/USB_Device_Library/usbd_ioreq.o

.debug_macro    0x00000000    0x178bb
 .debug_macro   0x00000000      0x311 Application/User/LIS3DSH_HAL.o
 .debug_macro   0x00000311      0x898 Application/User/LIS3DSH_HAL.o
 .debug_macro   0x00000ba9      0x1b4 Application/User/LIS3DSH_HAL.o
 .debug_macro   0x00000d5d       0x2e Application/User/LIS3DSH_HAL.o
 .debug_macro   0x00000d8b       0x28 Application/User/LIS3DSH_HAL.o
 .debug_macro   0x00000db3       0x3b Application/User/LIS3DSH_HAL.o
 .debug_macro   0x00000dee       0x22 Application/User/LIS3DSH_HAL.o
 .debug_macro   0x00000e10       0x44 Application/User/LIS3DSH_HAL.o
 .debug_macro   0x00000e54       0xfd Application/User/LIS3DSH_HAL.o
 .debug_macro   0x00000f51       0x22 Application/User/LIS3DSH_HAL.o
 .debug_macro   0x00000f73      0x1df Application/User/LIS3DSH_HAL.o
 .debug_macro   0x00001152       0x34 Application/User/LIS3DSH_HAL.o
 .debug_macro   0x00001186       0x26 Application/User/LIS3DSH_HAL.o
 .debug_macro   0x000011ac      0xe43 Application/User/LIS3DSH_HAL.o
 .debug_macro   0x00001fef     0x9335 Application/User/LIS3DSH_HAL.o
 .debug_macro   0x0000b324       0x43 Application/User/LIS3DSH_HAL.o
 .debug_macro   0x0000b367     0x3222 Application/User/LIS3DSH_HAL.o
 .debug_macro   0x0000e589       0x58 Application/User/LIS3DSH_HAL.o
 .debug_macro   0x0000e5e1       0x35 Application/User/LIS3DSH_HAL.o
 .debug_macro   0x0000e616       0x9c Application/User/LIS3DSH_HAL.o
 .debug_macro   0x0000e6b2       0x16 Application/User/LIS3DSH_HAL.o
 .debug_macro   0x0000e6c8       0x97 Application/User/LIS3DSH_HAL.o
 .debug_macro   0x0000e75f      0x329 Application/User/LIS3DSH_HAL.o
 .debug_macro   0x0000ea88       0xfd Application/User/LIS3DSH_HAL.o
 .debug_macro   0x0000eb85       0x10 Application/User/LIS3DSH_HAL.o
 .debug_macro   0x0000eb95       0x52 Application/User/LIS3DSH_HAL.o
 .debug_macro   0x0000ebe7       0x16 Application/User/LIS3DSH_HAL.o
 .debug_macro   0x0000ebfd       0x43 Application/User/LIS3DSH_HAL.o
 .debug_macro   0x0000ec40      0x187 Application/User/LIS3DSH_HAL.o
 .debug_macro   0x0000edc7       0x10 Application/User/LIS3DSH_HAL.o
 .debug_macro   0x0000edd7       0x22 Application/User/LIS3DSH_HAL.o
 .debug_macro   0x0000edf9       0x3a Application/User/LIS3DSH_HAL.o
 .debug_macro   0x0000ee33       0x10 Application/User/LIS3DSH_HAL.o
 .debug_macro   0x0000ee43       0x40 Application/User/LIS3DSH_HAL.o
 .debug_macro   0x0000ee83       0x65 Application/User/LIS3DSH_HAL.o
 .debug_macro   0x0000eee8       0x16 Application/User/LIS3DSH_HAL.o
 .debug_macro   0x0000eefe      0x197 Application/User/LIS3DSH_HAL.o
 .debug_macro   0x0000f095       0x50 Application/User/LIS3DSH_HAL.o
 .debug_macro   0x0000f0e5      0x71f Application/User/LIS3DSH_HAL.o
 .debug_macro   0x0000f804      0x8b5 Application/User/LIS3DSH_HAL.o
 .debug_macro   0x000100b9      0x11e Application/User/LIS3DSH_HAL.o
 .debug_macro   0x000101d7      0x13e Application/User/LIS3DSH_HAL.o
 .debug_macro   0x00010315       0x27 Application/User/LIS3DSH_HAL.o
 .debug_macro   0x0001033c      0x272 Application/User/LIS3DSH_HAL.o
 .debug_macro   0x000105ae       0x5f Application/User/LIS3DSH_HAL.o
 .debug_macro   0x0001060d      0x241 Application/User/LIS3DSH_HAL.o
 .debug_macro   0x0001084e      0x360 Application/User/LIS3DSH_HAL.o
 .debug_macro   0x00010bae      0x13a Application/User/LIS3DSH_HAL.o
 .debug_macro   0x00010ce8      0x21e Application/User/LIS3DSH_HAL.o
 .debug_macro   0x00010f06       0x2e Application/User/LIS3DSH_HAL.o
 .debug_macro   0x00010f34      0x11e Application/User/LIS3DSH_HAL.o
 .debug_macro   0x00011052       0x7f Application/User/LIS3DSH_HAL.o
 .debug_macro   0x000110d1       0x89 Application/User/LIS3DSH_HAL.o
 .debug_macro   0x0001115a      0x202 Application/User/LIS3DSH_HAL.o
 .debug_macro   0x0001135c      0x6d9 Application/User/LIS3DSH_HAL.o
 .debug_macro   0x00011a35       0x59 Application/User/LIS3DSH_HAL.o
 .debug_macro   0x00011a8e      0x14d Application/User/LIS3DSH_HAL.o
 .debug_macro   0x00011bdb      0x287 Application/User/LIS3DSH_HAL.o
 .debug_macro   0x00011e62      0x1df Application/User/LIS3DSH_HAL.o
 .debug_macro   0x00012041      0x11c Application/User/LIS3DSH_HAL.o
 .debug_macro   0x0001215d      0x125 Application/User/LIS3DSH_HAL.o
 .debug_macro   0x00012282      0x172 Application/User/LIS3DSH_HAL.o
 .debug_macro   0x000123f4      0x3db Application/User/main.o
 .debug_macro   0x000127cf       0x16 Application/User/main.o
 .debug_macro   0x000127e5       0x35 Application/User/main.o
 .debug_macro   0x0001281a       0x16 Application/User/main.o
 .debug_macro   0x00012830       0x29 Application/User/main.o
 .debug_macro   0x00012859       0x16 Application/User/main.o
 .debug_macro   0x0001286f       0x70 Application/User/main.o
 .debug_macro   0x000128df      0x1c3 Application/User/main.o
 .debug_macro   0x00012aa2       0x83 Application/User/main.o
 .debug_macro   0x00012b25      0x300 Application/User/stm32f4xx_hal_msp.o
 .debug_macro   0x00012e25      0x30a Application/User/stm32f4xx_it.o
 .debug_macro   0x0001312f      0x3c6 Application/User/usb_device.o
 .debug_macro   0x000134f5      0x3b0 Application/User/usbd_cdc_if.o
 .debug_macro   0x000138a5       0x4a Application/User/usbd_cdc_if.o
 .debug_macro   0x000138ef      0x395 Application/User/usbd_conf.o
 .debug_macro   0x00013c84      0x3c9 Application/User/usbd_desc.o
 .debug_macro   0x0001404d      0x1c9 Application/User/usbd_desc.o
 .debug_macro   0x00014216      0x306 Drivers/CMSIS/system_stm32f4xx.o
 .debug_macro   0x0001451c      0x34e Drivers/STM32F4xx_HAL_Driver/stm32f4xx_hal.o
 .debug_macro   0x0001486a      0x306 Drivers/STM32F4xx_HAL_Driver/stm32f4xx_hal_can.o
 .debug_macro   0x00014b70      0x300 Drivers/STM32F4xx_HAL_Driver/stm32f4xx_hal_cortex.o
 .debug_macro   0x00014e70      0x338 Drivers/STM32F4xx_HAL_Driver/stm32f4xx_hal_gpio.o
 .debug_macro   0x000151a8      0x30c Drivers/STM32F4xx_HAL_Driver/stm32f4xx_hal_pcd.o
 .debug_macro   0x000154b4      0x300 Drivers/STM32F4xx_HAL_Driver/stm32f4xx_hal_pcd_ex.o
 .debug_macro   0x000157b4      0x32a Drivers/STM32F4xx_HAL_Driver/stm32f4xx_hal_rcc.o
 .debug_macro   0x00015ade      0x306 Drivers/STM32F4xx_HAL_Driver/stm32f4xx_hal_spi.o
 .debug_macro   0x00015de4      0x301 Drivers/STM32F4xx_HAL_Driver/stm32f4xx_hal_tim.o
 .debug_macro   0x000160e5      0x300 Drivers/STM32F4xx_HAL_Driver/stm32f4xx_hal_tim_ex.o
 .debug_macro   0x000163e5      0x308 Drivers/STM32F4xx_HAL_Driver/stm32f4xx_hal_uart.o
 .debug_macro   0x000166ed      0x300 Drivers/STM32F4xx_HAL_Driver/stm32f4xx_ll_usb.o
 .debug_macro   0x000169ed      0x3ac Middlewares/USB_Device_Library/usbd_cdc.o
 .debug_macro   0x00016d99       0x83 Middlewares/USB_Device_Library/usbd_cdc.o
 .debug_macro   0x00016e1c      0x385 Middlewares/USB_Device_Library/usbd_core.o
 .debug_macro   0x000171a1      0x38f Middlewares/USB_Device_Library/usbd_ctlreq.o
 .debug_macro   0x00017530      0x38b Middlewares/USB_Device_Library/usbd_ioreq.o

.debug_str      0x00000000    0x8073b
 .debug_str     0x00000000    0x7a3cd Application/User/LIS3DSH_HAL.o
                              0x7a73a (size before relaxing)
 .debug_str     0x0007a3cd     0x1496 Application/User/main.o
                              0x7bbca (size before relaxing)
 .debug_str     0x0007b863      0x5e7 Application/User/stm32f4xx_hal_msp.o
                              0x7acfc (size before relaxing)
 .debug_str     0x0007be4a      0x361 Application/User/stm32f4xx_it.o
                              0x7a5b5 (size before relaxing)
 .debug_str     0x0007c1ab      0x3b4 Application/User/usb_device.o
                              0x7ad55 (size before relaxing)
 .debug_str     0x0007c55f      0x10b Application/User/usbd_cdc_if.o
                              0x7adda (size before relaxing)
 .debug_str     0x0007c66a      0x324 Application/User/usbd_conf.o
                              0x7b66a (size before relaxing)
 .debug_str     0x0007c98e      0x26a Application/User/usbd_desc.o
                              0x7a9b9 (size before relaxing)
 .debug_str     0x0007cbf8       0xdd Drivers/CMSIS/system_stm32f4xx.o
                              0x79e4a (size before relaxing)
 .debug_str     0x0007ccd5      0x4cf Drivers/STM32F4xx_HAL_Driver/stm32f4xx_hal.o
                              0x7a7bf (size before relaxing)
 .debug_str     0x0007d1a4      0x27c Drivers/STM32F4xx_HAL_Driver/stm32f4xx_hal_can.o
                              0x7a1c9 (size before relaxing)
 .debug_str     0x0007d420      0x3b7 Drivers/STM32F4xx_HAL_Driver/stm32f4xx_hal_cortex.o
                              0x7a67c (size before relaxing)
 .debug_str     0x0007d7d7      0x297 Drivers/STM32F4xx_HAL_Driver/stm32f4xx_hal_gpio.o
                              0x7a099 (size before relaxing)
 .debug_str     0x0007da6e      0x3b1 Drivers/STM32F4xx_HAL_Driver/stm32f4xx_hal_pcd.o
                              0x7a4c0 (size before relaxing)
 .debug_str     0x0007de1f       0x7d Drivers/STM32F4xx_HAL_Driver/stm32f4xx_hal_pcd_ex.o
                              0x7a010 (size before relaxing)
 .debug_str     0x0007de9c      0x299 Drivers/STM32F4xx_HAL_Driver/stm32f4xx_hal_rcc.o
                              0x7a217 (size before relaxing)
 .debug_str     0x0007e135      0x3bf Drivers/STM32F4xx_HAL_Driver/stm32f4xx_hal_spi.o
                              0x7a4fb (size before relaxing)
 .debug_str     0x0007e4f4      0xcd2 Drivers/STM32F4xx_HAL_Driver/stm32f4xx_hal_tim.o
                              0x7ae43 (size before relaxing)
 .debug_str     0x0007f1c6      0x555 Drivers/STM32F4xx_HAL_Driver/stm32f4xx_hal_tim_ex.o
                              0x7a6f6 (size before relaxing)
 .debug_str     0x0007f71b      0x38d Drivers/STM32F4xx_HAL_Driver/stm32f4xx_hal_uart.o
                              0x7a4c4 (size before relaxing)
 .debug_str     0x0007faa8      0x5e3 Drivers/STM32F4xx_HAL_Driver/stm32f4xx_ll_usb.o
                              0x7a62a (size before relaxing)
 .debug_str     0x0008008b      0x286 Middlewares/USB_Device_Library/usbd_cdc.o
                              0x7af79 (size before relaxing)
 .debug_str     0x00080311      0x1d5 Middlewares/USB_Device_Library/usbd_core.o
                              0x7abe1 (size before relaxing)
 .debug_str     0x000804e6      0x159 Middlewares/USB_Device_Library/usbd_ctlreq.o
                              0x7ab67 (size before relaxing)
 .debug_str     0x0008063f       0xfc Middlewares/USB_Device_Library/usbd_ioreq.o
                              0x7aaef (size before relaxing)

.comment        0x00000000       0x6e
 .comment       0x00000000       0x6e Application/User/LIS3DSH_HAL.o
                                 0x6f (size before relaxing)
 .comment       0x0000006e       0x6f Application/User/main.o
 .comment       0x0000006e       0x6f Application/User/stm32f4xx_hal_msp.o
 .comment       0x0000006e       0x6f Application/User/stm32f4xx_it.o
 .comment       0x0000006e       0x6f Application/User/usb_device.o
 .comment       0x0000006e       0x6f Application/User/usbd_cdc_if.o
 .comment       0x0000006e       0x6f Application/User/usbd_conf.o
 .comment       0x0000006e       0x6f Application/User/usbd_desc.o
 .comment       0x0000006e       0x6f Drivers/CMSIS/system_stm32f4xx.o
 .comment       0x0000006e       0x6f Drivers/STM32F4xx_HAL_Driver/stm32f4xx_hal.o
 .comment       0x0000006e       0x6f Drivers/STM32F4xx_HAL_Driver/stm32f4xx_hal_can.o
 .comment       0x0000006e       0x6f Drivers/STM32F4xx_HAL_Driver/stm32f4xx_hal_cortex.o
 .comment       0x0000006e       0x6f Drivers/STM32F4xx_HAL_Driver/stm32f4xx_hal_gpio.o
 .comment       0x0000006e       0x6f Drivers/STM32F4xx_HAL_Driver/stm32f4xx_hal_pcd.o
 .comment       0x0000006e       0x6f Drivers/STM32F4xx_HAL_Driver/stm32f4xx_hal_pcd_ex.o
 .comment       0x0000006e       0x6f Drivers/STM32F4xx_HAL_Driver/stm32f4xx_hal_rcc.o
 .comment       0x0000006e       0x6f Drivers/STM32F4xx_HAL_Driver/stm32f4xx_hal_spi.o
 .comment       0x0000006e       0x6f Drivers/STM32F4xx_HAL_Driver/stm32f4xx_hal_tim.o
 .comment       0x0000006e       0x6f Drivers/STM32F4xx_HAL_Driver/stm32f4xx_hal_tim_ex.o
 .comment       0x0000006e       0x6f Drivers/STM32F4xx_HAL_Driver/stm32f4xx_hal_uart.o
 .comment       0x0000006e       0x6f Drivers/STM32F4xx_HAL_Driver/stm32f4xx_ll_usb.o
 .comment       0x0000006e       0x6f Middlewares/USB_Device_Library/usbd_cdc.o
 .comment       0x0000006e       0x6f Middlewares/USB_Device_Library/usbd_core.o
 .comment       0x0000006e       0x6f Middlewares/USB_Device_Library/usbd_ctlreq.o
 .comment       0x0000006e       0x6f Middlewares/USB_Device_Library/usbd_ioreq.o

.debug_frame    0x00000000     0x50b8
 .debug_frame   0x00000000       0x98 Application/User/LIS3DSH_HAL.o
 .debug_frame   0x00000098      0x134 Application/User/main.o
 .debug_frame   0x000001cc      0x14c Application/User/stm32f4xx_hal_msp.o
 .debug_frame   0x00000318       0xa0 Application/User/stm32f4xx_it.o
 .debug_frame   0x000003b8       0x2c Application/User/usb_device.o
 .debug_frame   0x000003e4       0xbc Application/User/usbd_cdc_if.o
 .debug_frame   0x000004a0      0x404 Application/User/usbd_conf.o
 .debug_frame   0x000008a4      0x114 Application/User/usbd_desc.o
 .debug_frame   0x000009b8       0x58 Drivers/CMSIS/system_stm32f4xx.o
 .debug_frame   0x00000a10      0x2c0 Drivers/STM32F4xx_HAL_Driver/stm32f4xx_hal.o
 .debug_frame   0x00000cd0      0x2f8 Drivers/STM32F4xx_HAL_Driver/stm32f4xx_hal_can.o
 .debug_frame   0x00000fc8      0x450 Drivers/STM32F4xx_HAL_Driver/stm32f4xx_hal_cortex.o
 .debug_frame   0x00001418      0x14c Drivers/STM32F4xx_HAL_Driver/stm32f4xx_hal_gpio.o
 .debug_frame   0x00001564      0x508 Drivers/STM32F4xx_HAL_Driver/stm32f4xx_hal_pcd.o
 .debug_frame   0x00001a6c       0x60 Drivers/STM32F4xx_HAL_Driver/stm32f4xx_hal_pcd_ex.o
 .debug_frame   0x00001acc      0x204 Drivers/STM32F4xx_HAL_Driver/stm32f4xx_hal_rcc.o
 .debug_frame   0x00001cd0      0x5f8 Drivers/STM32F4xx_HAL_Driver/stm32f4xx_hal_spi.o
 .debug_frame   0x000022c8      0xfb4 Drivers/STM32F4xx_HAL_Driver/stm32f4xx_hal_tim.o
 .debug_frame   0x0000327c      0x574 Drivers/STM32F4xx_HAL_Driver/stm32f4xx_hal_tim_ex.o
 .debug_frame   0x000037f0      0x5e0 Drivers/STM32F4xx_HAL_Driver/stm32f4xx_hal_uart.o
 .debug_frame   0x00003dd0      0x718 Drivers/STM32F4xx_HAL_Driver/stm32f4xx_ll_usb.o
 .debug_frame   0x000044e8      0x24c Middlewares/USB_Device_Library/usbd_cdc.o
 .debug_frame   0x00004734      0x300 Middlewares/USB_Device_Library/usbd_core.o